<html>
<body>
<pre>
<h1>µVision Build Log</h1>
<h2>Tool Versions:</h2>
IDE-Version: ¦ÌVision V5.39.0.0
Copyright (C) 2023 ARM Ltd and ARM Germany GmbH. All rights reserved.
License Information: A LU, A, LIC=LSNXV-PE9MA-2Z7W4-FZY0B-I3FT5-KSMTT
 
Tool Versions:
Toolchain:       MDK-ARM Plus  Version: 5.39.0.0
Toolchain Path:  D:\Keil_MDK\ARM\ARMCC\Bin
C Compiler:      Armcc.exe V5.06 update 7 (build 960)
Assembler:       Armasm.exe V5.06 update 7 (build 960)
Linker/Locator:  ArmLink.exe V5.06 update 7 (build 960)
Library Manager: ArmAr.exe V5.06 update 7 (build 960)
Hex Converter:   FromElf.exe V5.06 update 7 (build 960)
CPU DLL:         SARMCM3.DLL V5.39.0.0
Dialog DLL:      DCM.DLL V1.17.5.0
Target DLL:      STLink\ST-LINKIII-KEIL_SWO.dll V3.2.0.0
Dialog DLL:      TCM.DLL V1.56.4.0
 
<h2>Project:</h2>
D:\Programs\Workspace\STM32CubeMX_project\STM32_Based_SelfBalancing_Car\STM32_Based_SelfBalancing_Car\MDK-ARM\STM32_Based_SelfBalancing_Car.uvprojx
Project File Date:  08/19/2024

<h2>Output:</h2>
*** Using Compiler 'V5.06 update 7 (build 960)', folder: 'D:\Keil_MDK\ARM\ARMCC\Bin'
Build target 'STM32_Based_SelfBalancing_Car'
compiling main.c...
..\Hardware\HC_SR04.h(17): warning:  #1-D: last line of file ends without a newline
  #endif // __HC_SR04_H
..\Hardware\Motor.h(21): warning:  #1-D: last line of file ends without a newline
  #endif // __MOTOR_H
..\Hardware\Encoder.h(11): warning:  #1-D: last line of file ends without a newline
  #endif // __ENCODER_H
..\Hardware\Bluetooth.h(6): warning:  #1-D: last line of file ends without a newline
  #endif // __BLUETOOTH_H
..\Hardware\PID.h(10): warning:  #1-D: last line of file ends without a newline
  #endif // __PID_H
../Core/Src/main.c: 5 warnings, 0 errors
compiling gpio.c...
compiling stm32f1xx_hal_gpio_ex.c...
compiling stm32f1xx_hal_rcc_ex.c...
compiling stm32f1xx_it.c...
compiling i2c.c...
compiling stm32f1xx_hal_gpio.c...
compiling stm32f1xx_hal.c...
compiling stm32f1xx_hal_msp.c...
compiling usart.c...
compiling tim.c...
compiling stm32f1xx_hal_rcc.c...
compiling stm32f1xx_hal_i2c.c...
compiling stm32f1xx_hal_exti.c...
compiling Encoder.c...
..\Hardware\Encoder.h(11): warning:  #1-D: last line of file ends without a newline
  #endif // __ENCODER_H
..\Hardware\Encoder.c(37): warning:  #1-D: last line of file ends without a newline
  }
..\Hardware\Encoder.c: 2 warnings, 0 errors
compiling system_stm32f1xx.c...
compiling stm32f1xx_hal_flash_ex.c...
compiling Bluetooth.c...
..\Hardware\Bluetooth.h(6): warning:  #1-D: last line of file ends without a newline
  #endif // __BLUETOOTH_H
..\Hardware\Bluetooth.c(25): warning:  #1-D: last line of file ends without a newline
  }
..\Hardware\Bluetooth.c: 2 warnings, 0 errors
compiling stm32f1xx_hal_pwr.c...
compiling stm32f1xx_hal_cortex.c...
compiling stm32f1xx_hal_dma.c...
compiling stm32f1xx_hal_flash.c...
compiling stm32f1xx_hal_uart.c...
compiling stm32f1xx_hal_tim_ex.c...
compiling HC_SR04.c...
..\Hardware\HC_SR04.h(17): warning:  #1-D: last line of file ends without a newline
  #endif // __HC_SR04_H
..\Hardware\HC_SR04.c(63): warning:  #1-D: last line of file ends without a newline
  // }
..\Hardware\HC_SR04.c: 2 warnings, 0 errors
compiling stm32f1xx_hal_tim.c...
compiling IIC.c...
compiling PID.c...
..\Hardware\PID.h(10): warning:  #1-D: last line of file ends without a newline
  #endif // __PID_H
..\Hardware\Encoder.h(11): warning:  #1-D: last line of file ends without a newline
  #endif // __ENCODER_H
..\Hardware\Motor.h(21): warning:  #1-D: last line of file ends without a newline
  #endif // __MOTOR_H
..\Hardware\PID.c(110): warning:  #1-D: last line of file ends without a newline
  }
..\Hardware\PID.c: 4 warnings, 0 errors
compiling Motor.c...
..\Hardware\Motor.h(21): warning:  #1-D: last line of file ends without a newline
  #endif // __MOTOR_H
..\Hardware\Motor.c(59): warning:  #1-D: last line of file ends without a newline
  }
..\Hardware\Motor.c: 2 warnings, 0 errors
compiling OLED.c...
..\Hardware\OLED.c(573): warning:  #1-D: last line of file ends without a newline
  }
..\Hardware\OLED.c: 1 warning, 0 errors
compiling mpu6050.c...
compiling inv_mpu.c...
compiling inv_mpu_dmp_motion_driver.c...
linking...
Program Size: Code=31638 RO-data=10506 RW-data=184 ZI-data=2112  
FromELF: creating hex file...
"STM32_Based_SelfBalancing_Car\STM32_Based_SelfBalancing_Car.axf" - 0 Error(s), 18 Warning(s).

<h2>Software Packages used:</h2>

Package Vendor: ARM
                http://www.keil.com/pack/ARM.CMSIS.5.9.0.pack
                ARM::CMSIS@5.9.0
                CMSIS (Common Microcontroller Software Interface Standard)
   * Component: CORE Version: 5.6.0

Package Vendor: Keil
                https://www.keil.com/pack/Keil.STM32F1xx_DFP.2.4.1.pack
                Keil::STM32F1xx_DFP@2.4.1
                STMicroelectronics STM32F1 Series Device Support, Drivers and Examples

<h2>Collection of Component include folders:</h2>
  ./RTE/_STM32_Based_SelfBalancing_Car
  D:/Keil_MDK/ARM/Packs/ARM/CMSIS/5.9.0/CMSIS/Core/Include
  D:/Keil_MDK/ARM/Packs/Keil/STM32F1xx_DFP/2.4.1/Device/Include

<h2>Collection of Component Files used:</h2>

   * Component: ARM::CMSIS:CORE@5.6.0
      Include file:  CMSIS/Core/Include/tz_context.h
Build Time Elapsed:  00:00:04
</pre>
</body>
</html>
