Component: ARM Compiler 5.06 update 7 (build 960) Tool: armlink [4d3601]

==============================================================================

Section Cross References

    startup_stm32f103xb.o(STACK) refers (Special) to heapauxi.o(.text) for __use_two_region_memory
    startup_stm32f103xb.o(HEAP) refers (Special) to heapauxi.o(.text) for __use_two_region_memory
    startup_stm32f103xb.o(RESET) refers (Special) to heapauxi.o(.text) for __use_two_region_memory
    startup_stm32f103xb.o(RESET) refers to startup_stm32f103xb.o(STACK) for __initial_sp
    startup_stm32f103xb.o(RESET) refers to startup_stm32f103xb.o(.text) for Reset_Handler
    startup_stm32f103xb.o(RESET) refers to stm32f1xx_it.o(i.NMI_Handler) for NMI_Handler
    startup_stm32f103xb.o(RESET) refers to stm32f1xx_it.o(i.HardFault_Handler) for HardFault_Handler
    startup_stm32f103xb.o(RESET) refers to stm32f1xx_it.o(i.MemManage_Handler) for MemManage_Handler
    startup_stm32f103xb.o(RESET) refers to stm32f1xx_it.o(i.BusFault_Handler) for BusFault_Handler
    startup_stm32f103xb.o(RESET) refers to stm32f1xx_it.o(i.UsageFault_Handler) for UsageFault_Handler
    startup_stm32f103xb.o(RESET) refers to stm32f1xx_it.o(i.SVC_Handler) for SVC_Handler
    startup_stm32f103xb.o(RESET) refers to stm32f1xx_it.o(i.DebugMon_Handler) for DebugMon_Handler
    startup_stm32f103xb.o(RESET) refers to stm32f1xx_it.o(i.PendSV_Handler) for PendSV_Handler
    startup_stm32f103xb.o(RESET) refers to stm32f1xx_it.o(i.SysTick_Handler) for SysTick_Handler
    startup_stm32f103xb.o(RESET) refers to stm32f1xx_it.o(i.EXTI2_IRQHandler) for EXTI2_IRQHandler
    startup_stm32f103xb.o(RESET) refers to stm32f1xx_it.o(i.EXTI9_5_IRQHandler) for EXTI9_5_IRQHandler
    startup_stm32f103xb.o(RESET) refers to stm32f1xx_it.o(i.USART3_IRQHandler) for USART3_IRQHandler
    startup_stm32f103xb.o(.text) refers (Special) to heapauxi.o(.text) for __use_two_region_memory
    startup_stm32f103xb.o(.text) refers to system_stm32f1xx.o(i.SystemInit) for SystemInit
    startup_stm32f103xb.o(.text) refers to __main.o(!!!main) for __main
    startup_stm32f103xb.o(.text) refers to startup_stm32f103xb.o(HEAP) for Heap_Mem
    startup_stm32f103xb.o(.text) refers to startup_stm32f103xb.o(STACK) for Stack_Mem
    main.o(i.HAL_GPIO_EXTI_Callback) refers to pid.o(i.PID_Control) for PID_Control
    main.o(i.HAL_GPIO_EXTI_Callback) refers to stm32f1xx_hal_gpio.o(i.HAL_GPIO_ReadPin) for HAL_GPIO_ReadPin
    main.o(i.HAL_GPIO_EXTI_Callback) refers to stm32f1xx_hal_tim.o(i.HAL_TIM_Base_Stop) for HAL_TIM_Base_Stop
    main.o(i.HAL_GPIO_EXTI_Callback) refers to fflt_clz.o(x$fpl$ffltu) for __aeabi_ui2f
    main.o(i.HAL_GPIO_EXTI_Callback) refers to f2d.o(x$fpl$f2d) for __aeabi_f2d
    main.o(i.HAL_GPIO_EXTI_Callback) refers to dmul.o(x$fpl$dmul) for __aeabi_dmul
    main.o(i.HAL_GPIO_EXTI_Callback) refers to d2f.o(x$fpl$d2f) for __aeabi_d2f
    main.o(i.HAL_GPIO_EXTI_Callback) refers to stm32f1xx_hal_tim.o(i.HAL_TIM_Base_Start) for HAL_TIM_Base_Start
    main.o(i.HAL_GPIO_EXTI_Callback) refers to tim.o(.bss) for htim3
    main.o(i.HAL_GPIO_EXTI_Callback) refers to hc_sr04.o(.data) for distance
    main.o(i.SystemClock_Config) refers to rt_memclr_w.o(.text) for __aeabi_memclr4
    main.o(i.SystemClock_Config) refers to stm32f1xx_hal_rcc.o(i.HAL_RCC_OscConfig) for HAL_RCC_OscConfig
    main.o(i.SystemClock_Config) refers to stm32f1xx_hal_rcc.o(i.HAL_RCC_ClockConfig) for HAL_RCC_ClockConfig
    main.o(i.main) refers to _printf_percent.o(.ARM.Collect$$_printf_percent$$00000000) for _printf_percent
    main.o(i.main) refers to _printf_f.o(.ARM.Collect$$_printf_percent$$00000003) for _printf_f
    main.o(i.main) refers to printf1.o(x$fpl$printf1) for _printf_fp_dec
    main.o(i.main) refers to _printf_d.o(.ARM.Collect$$_printf_percent$$00000009) for _printf_d
    main.o(i.main) refers to _printf_dec.o(.text) for _printf_int_dec
    main.o(i.main) refers to stm32f1xx_hal.o(i.HAL_Init) for HAL_Init
    main.o(i.main) refers to main.o(i.SystemClock_Config) for SystemClock_Config
    main.o(i.main) refers to gpio.o(i.MX_GPIO_Init) for MX_GPIO_Init
    main.o(i.main) refers to i2c.o(i.MX_I2C1_Init) for MX_I2C1_Init
    main.o(i.main) refers to tim.o(i.MX_TIM3_Init) for MX_TIM3_Init
    main.o(i.main) refers to tim.o(i.MX_TIM1_Init) for MX_TIM1_Init
    main.o(i.main) refers to tim.o(i.MX_TIM2_Init) for MX_TIM2_Init
    main.o(i.main) refers to tim.o(i.MX_TIM4_Init) for MX_TIM4_Init
    main.o(i.main) refers to usart.o(i.MX_USART3_UART_Init) for MX_USART3_UART_Init
    main.o(i.main) refers to oled.o(i.OLED_Init) for OLED_Init
    main.o(i.main) refers to mpu6050.o(i.MPU_Init) for MPU_Init
    main.o(i.main) refers to inv_mpu.o(i.mpu_dmp_init) for mpu_dmp_init
    main.o(i.main) refers to motor.o(i.Motor_Init) for Motor_Init
    main.o(i.main) refers to encoder.o(i.Encoder_Init) for Encoder_Init
    main.o(i.main) refers to bluetooth.o(i.Bluetooth_Init) for Bluetooth_Init
[...]
    _printf_percent                          0x08000161   Thumb Code     0  _printf_percent.o(.ARM.Collect$$_printf_percent$$00000000)
    _printf_d                                0x08000167   Thumb Code     0  _printf_d.o(.ARM.Collect$$_printf_percent$$00000009)
    _printf_percent_end                      0x0800016d   Thumb Code     0  _printf_percent_end.o(.ARM.Collect$$_printf_percent$$00000017)
    __rt_lib_init                            0x08000171   Thumb Code     0  libinit.o(.ARM.Collect$$libinit$$00000000)
    __rt_lib_init_fp_1                       0x08000173   Thumb Code     0  libinit2.o(.ARM.Collect$$libinit$$00000002)
    __rt_lib_init_heap_1                     0x08000173   Thumb Code     0  libinit2.o(.ARM.Collect$$libinit$$0000000A)
    __rt_lib_init_lc_common                  0x08000173   Thumb Code     0  libinit2.o(.ARM.Collect$$libinit$$0000000F)
    __rt_lib_init_preinit_1                  0x08000173   Thumb Code     0  libinit2.o(.ARM.Collect$$libinit$$00000004)
    __rt_lib_init_rand_1                     0x08000173   Thumb Code     0  libinit2.o(.ARM.Collect$$libinit$$0000000E)
    __rt_lib_init_user_alloc_1               0x08000173   Thumb Code     0  libinit2.o(.ARM.Collect$$libinit$$0000000C)
    __rt_lib_init_lc_collate_1               0x08000179   Thumb Code     0  libinit2.o(.ARM.Collect$$libinit$$00000011)
    __rt_lib_init_lc_ctype_1                 0x08000179   Thumb Code     0  libinit2.o(.ARM.Collect$$libinit$$00000013)
    __rt_lib_init_lc_monetary_1              0x08000179   Thumb Code     0  libinit2.o(.ARM.Collect$$libinit$$00000015)
    __rt_lib_init_lc_numeric_2               0x08000179   Thumb Code     0  libinit2.o(.ARM.Collect$$libinit$$00000016)
    __rt_lib_init_alloca_1                   0x08000183   Thumb Code     0  libinit2.o(.ARM.Collect$$libinit$$0000002E)
    __rt_lib_init_argv_1                     0x08000183   Thumb Code     0  libinit2.o(.ARM.Collect$$libinit$$0000002C)
    __rt_lib_init_atexit_1                   0x08000183   Thumb Code     0  libinit2.o(.ARM.Collect$$libinit$$0000001B)
    __rt_lib_init_clock_1                    0x08000183   Thumb Code     0  libinit2.o(.ARM.Collect$$libinit$$00000021)
    __rt_lib_init_cpp_1                      0x08000183   Thumb Code     0  libinit2.o(.ARM.Collect$$libinit$$00000032)
    __rt_lib_init_exceptions_1               0x08000183   Thumb Code     0  libinit2.o(.ARM.Collect$$libinit$$00000030)
    __rt_lib_init_fp_trap_1                  0x08000183   Thumb Code     0  libinit2.o(.ARM.Collect$$libinit$$0000001F)
    __rt_lib_init_getenv_1                   0x08000183   Thumb Code     0  libinit2.o(.ARM.Collect$$libinit$$00000023)
    __rt_lib_init_lc_numeric_1               0x08000183   Thumb Code     0  libinit2.o(.ARM.Collect$$libinit$$00000017)
    __rt_lib_init_lc_time_1                  0x08000183   Thumb Code     0  libinit2.o(.ARM.Collect$$libinit$$00000019)
    __rt_lib_init_return                     0x08000183   Thumb Code     0  libinit2.o(.ARM.Collect$$libinit$$00000033)
    __rt_lib_init_signal_1                   0x08000183   Thumb Code     0  libinit2.o(.ARM.Collect$$libinit$$0000001D)
    __rt_lib_init_stdio_1                    0x08000183   Thumb Code     0  libinit2.o(.ARM.Collect$$libinit$$00000025)
    __rt_lib_shutdown                        0x08000185   Thumb Code     0  libshutdown.o(.ARM.Collect$$libshutdown$$00000000)
    __rt_lib_shutdown_cpp_1                  0x08000187   Thumb Code     0  libshutdown2.o(.ARM.Collect$$libshutdown$$00000004)
    __rt_lib_shutdown_fini_1                 0x08000187   Thumb Code     0  libshutdown2.o(.ARM.Collect$$libshutdown$$00000002)
    __rt_lib_shutdown_fp_trap_1              0x08000187   Thumb Code     0  libshutdown2.o(.ARM.Collect$$libshutdown$$00000009)
    __rt_lib_shutdown_heap_1                 0x08000187   Thumb Code     0  libshutdown2.o(.ARM.Collect$$libshutdown$$00000011)
    __rt_lib_shutdown_return                 0x08000187   Thumb Code     0  libshutdown2.o(.ARM.Collect$$libshutdown$$00000012)
    __rt_lib_shutdown_signal_1               0x08000187   Thumb Code     0  libshutdown2.o(.ARM.Collect$$libshutdown$$0000000C)
    __rt_lib_shutdown_stdio_1                0x08000187   Thumb Code     0  libshutdown2.o(.ARM.Collect$$libshutdown$$00000006)
    __rt_lib_shutdown_user_alloc_1           0x08000187   Thumb Code     0  libshutdown2.o(.ARM.Collect$$libshutdown$$0000000E)
    __rt_entry                               0x08000189   Thumb Code     0  __rtentry.o(.ARM.Collect$$rtentry$$00000000)
    __rt_entry_presh_1                       0x08000189   Thumb Code     0  __rtentry2.o(.ARM.Collect$$rtentry$$00000002)
    __rt_entry_sh                            0x08000189   Thumb Code     0  __rtentry4.o(.ARM.Collect$$rtentry$$00000004)
    __rt_entry_li                            0x0800018f   Thumb Code     0  __rtentry2.o(.ARM.Collect$$rtentry$$0000000A)
    __rt_entry_postsh_1                      0x0800018f   Thumb Code     0  __rtentry2.o(.ARM.Collect$$rtentry$$00000009)
    __rt_entry_main                          0x08000193   Thumb Code     0  __rtentry2.o(.ARM.Collect$$rtentry$$0000000D)
    __rt_entry_postli_1                      0x08000193   Thumb Code     0  __rtentry2.o(.ARM.Collect$$rtentry$$0000000C)
    __rt_exit                                0x0800019b   Thumb Code     0  rtexit.o(.ARM.Collect$$rtexit$$00000000)
    __rt_exit_ls                             0x0800019d   Thumb Code     0  rtexit2.o(.ARM.Collect$$rtexit$$00000003)
    __rt_exit_prels_1                        0x0800019d   Thumb Code     0  rtexit2.o(.ARM.Collect$$rtexit$$00000002)
    __rt_exit_exit                           0x080001a1   Thumb Code     0  rtexit2.o(.ARM.Collect$$rtexit$$00000004)
    Reset_Handler                            0x080001a9   Thumb Code     8  startup_stm32f103xb.o(.text)
    ADC1_2_IRQHandler                        0x080001c3   Thumb Code     0  startup_stm32f103xb.o(.text)
    CAN1_RX1_IRQHandler                      0x080001c3   Thumb Code     0  startup_stm32f103xb.o(.text)
    CAN1_SCE_IRQHandler                      0x080001c3   Thumb Code     0  startup_stm32f103xb.o(.text)
    DMA1_Channel1_IRQHandler                 0x080001c3   Thumb Code     0  startup_stm32f103xb.o(.text)
    DMA1_Channel2_IRQHandler                 0x080001c3   Thumb Code     0  startup_stm32f103xb.o(.text)
    DMA1_Channel3_IRQHandler                 0x080001c3   Thumb Code     0  startup_stm32f103xb.o(.text)
    DMA1_Channel4_IRQHandler                 0x080001c3   Thumb Code     0  startup_stm32f103xb.o(.text)
    DMA1_Channel5_IRQHandler                 0x080001c3   Thumb Code     0  startup_stm32f103xb.o(.text)
    DMA1_Channel6_IRQHandler                 0x080001c3   Thumb Code     0  startup_stm32f103xb.o(.text)
    DMA1_Channel7_IRQHandler                 0x080001c3   Thumb Code     0  startup_stm32f103xb.o(.text)
    EXTI0_IRQHandler                         0x080001c3   Thumb Code     0  startup_stm32f103xb.o(.text)
    EXTI15_10_IRQHandler                     0x080001c3   Thumb Code     0  startup_stm32f103xb.o(.text)
    EXTI1_IRQHandler                         0x080001c3   Thumb Code     0  startup_stm32f103xb.o(.text)
    EXTI3_IRQHandler                         0x080001c3   Thumb Code     0  startup_stm32f103xb.o(.text)
    EXTI4_IRQHandler                         0x080001c3   Thumb Code     0  startup_stm32f103xb.o(.text)
    FLASH_IRQHandler                         0x080001c3   Thumb Code     0  startup_stm32f103xb.o(.text)
    I2C1_ER_IRQHandler                       0x080001c3   Thumb Code     0  startup_stm32f103xb.o(.text)
    I2C1_EV_IRQHandler                       0x080001c3   Thumb Code     0  startup_stm32f103xb.o(.text)
    I2C2_ER_IRQHandler                       0x080001c3   Thumb Code     0  startup_stm32f103xb.o(.text)
    I2C2_EV_IRQHandler                       0x080001c3   Thumb Code     0  startup_stm32f103xb.o(.text)
    PVD_IRQHandler                           0x080001c3   Thumb Code     0  startup_stm32f103xb.o(.text)
    RCC_IRQHandler                           0x080001c3   Thumb Code     0  startup_stm32f103xb.o(.text)
    RTC_Alarm_IRQHandler                     0x080001c3   Thumb Code     0  startup_stm32f103xb.o(.text)
    RTC_IRQHandler                           0x080001c3   Thumb Code     0  startup_stm32f103xb.o(.text)
    SPI1_IRQHandler                          0x080001c3   Thumb Code     0  startup_stm32f103xb.o(.text)
    SPI2_IRQHandler                          0x080001c3   Thumb Code     0  startup_stm32f103xb.o(.text)
    TAMPER_IRQHandler                        0x080001c3   Thumb Code     0  startup_stm32f103xb.o(.text)
    TIM1_BRK_IRQHandler                      0x080001c3   Thumb Code     0  startup_stm32f103xb.o(.text)
    TIM1_CC_IRQHandler                       0x080001c3   Thumb Code     0  startup_stm32f103xb.o(.text)
    TIM1_TRG_COM_IRQHandler                  0x080001c3   Thumb Code     0  startup_stm32f103xb.o(.text)
    TIM1_UP_IRQHandler                       0x080001c3   Thumb Code     0  startup_stm32f103xb.o(.text)
    TIM2_IRQHandler                          0x080001c3   Thumb Code     0  startup_stm32f103xb.o(.text)
    TIM3_IRQHandler                          0x080001c3   Thumb Code     0  startup_stm32f103xb.o(.text)
    TIM4_IRQHandler                          0x080001c3   Thumb Code     0  startup_stm32f103xb.o(.text)
    USART1_IRQHandler                        0x080001c3   Thumb Code     0  startup_stm32f103xb.o(.text)
    USART2_IRQHandler                        0x080001c3   Thumb Code     0  startup_stm32f103xb.o(.text)
    USBWakeUp_IRQHandler                     0x080001c3   Thumb Code     0  startup_stm32f103xb.o(.text)
    USB_HP_CAN1_TX_IRQHandler                0x080001c3   Thumb Code     0  startup_stm32f103xb.o(.text)
    USB_LP_CAN1_RX0_IRQHandler               0x080001c3   Thumb Code     0  startup_stm32f103xb.o(.text)
    WWDG_IRQHandler                          0x080001c3   Thumb Code     0  startup_stm32f103xb.o(.text)
    __user_initial_stackheap                 0x080001c5   Thumb Code     0  startup_stm32f103xb.o(.text)
    __aeabi_ldivmod                          0x080001e9   Thumb Code     0  llsdiv.o(.text)
    _ll_sdiv                                 0x080001e9   Thumb Code    72  llsdiv.o(.text)
    __2sprintf                               0x08000231   Thumb Code    34  noretval__2sprintf.o(.text)
    _printf_int_dec                          0x08000259   Thumb Code   104  _printf_dec.o(.text)
    __printf                                 0x080002d1   Thumb Code   270  __printf_wp.o(.text)
    memcmp                                   0x080003df   Thumb Code    88  memcmp.o(.text)
    __aeabi_memset                           0x08000437   Thumb Code    16  aeabi_memset.o(.text)
    __aeabi_memclr4                          0x08000447   Thumb Code     0  rt_memclr_w.o(.text)
    __aeabi_memclr8                          0x08000447   Thumb Code     0  rt_memclr_w.o(.text)
    __rt_memclr_w                            0x08000447   Thumb Code    78  rt_memclr_w.o(.text)
    _memset_w                                0x0800044b   Thumb Code     0  rt_memclr_w.o(.text)
    __use_two_region_memory                  0x08000495   Thumb Code     2  heapauxi.o(.text)
    __rt_heap_escrow$2region                 0x08000497   Thumb Code     2  heapauxi.o(.text)
    __rt_heap_expand$2region                 0x08000499   Thumb Code     2  heapauxi.o(.text)
    __aeabi_uldivmod                         0x0800049b   Thumb Code     0  lludivv7m.o(.text)
    _ll_udiv                                 0x0800049b   Thumb Code   238  lludivv7m.o(.text)
    __read_errno                             0x08000589   Thumb Code    10  _rserrno.o(.text)
    __set_errno                              0x08000593   Thumb Code    12  _rserrno.o(.text)
    _printf_int_common                       0x0800059f   Thumb Code   178  _printf_intcommon.o(.text)
    __lib_sel_fp_printf                      0x08000651   Thumb Code     2  _printf_fp_dec.o(.text)
    _printf_fp_dec_real                      0x08000803   Thumb Code   620  _printf_fp_dec.o(.text)
    _printf_char_common                      0x08000a7b   Thumb Code    32  _printf_char_common.o(.text)
    _sputc                                   0x08000aa1   Thumb Code    10  _sputc.o(.text)
    __aeabi_memclr                           0x08000aab   Thumb Code     0  rt_memclr.o(.text)
    __rt_memclr                              0x08000aab   Thumb Code    68  rt_memclr.o(.text)
    _memset                                  0x08000aaf   Thumb Code     0  rt_memclr.o(.text)
    __rt_locale                              0x08000af1   Thumb Code     8  rt_locale_intlibspace.o(.text)
    __aeabi_errno_addr                       0x08000af9   Thumb Code     8  rt_errno_addr_intlibspace.o(.text)
    __errno$intlibspace                      0x08000af9   Thumb Code     0  rt_errno_addr_intlibspace.o(.text)
    __rt_errno_addr$intlibspace              0x08000af9   Thumb Code     0  rt_errno_addr_intlibspace.o(.text)
    _ll_udiv10                               0x08000b01   Thumb Code   138  lludiv10.o(.text)
    _printf_fp_infnan                        0x08000b8d   Thumb Code   112  _printf_fp_infnan.o(.text)
    _btod_etento                             0x08000c0d   Thumb Code   224  bigflt0.o(.text)
    __user_libspace                          0x08000cf1   Thumb Code     8  libspace.o(.text)
    __user_perproc_libspace                  0x08000cf1   Thumb Code     0  libspace.o(.text)
    __user_perthread_libspace                0x08000cf1   Thumb Code     0  libspace.o(.text)
    __user_setup_stackheap                   0x08000cf9   Thumb Code    74  sys_stackheap_outer.o(.text)
    exit                                     0x08000d43   Thumb Code    18  exit.o(.text)
    strcmp                                   0x08000d55   Thumb Code   128  strcmpv7m.o(.text)
    _sys_exit                                0x08000dd5   Thumb Code     8  sys_exit.o(.text)
    __I$use$semihosting                      0x08000de1   Thumb Code     0  use_no_semi.o(.text)
    __use_no_semihosting_swi                 0x08000de1   Thumb Code     2  use_no_semi.o(.text)
    __semihosting_library_function           0x08000de3   Thumb Code     0  indicate_semi.o(.text)
    _btod_d2e                                0x08000de3   Thumb Code    62  btod.o(CL$$btod_d2e)
    _d2e_denorm_low                          0x08000e21   Thumb Code    70  btod.o(CL$$btod_d2e_denorm_low)
    _d2e_norm_op1                            0x08000e67   Thumb Code    96  btod.o(CL$$btod_d2e_norm_op1)
    __btod_div_common                        0x08000ec7   Thumb Code   696  btod.o(CL$$btod_div_common)
    _e2e                                     0x080011ff   Thumb Code   220  btod.o(CL$$btod_e2e)
    _btod_ediv                               0x080012db   Thumb Code    42  btod.o(CL$$btod_ediv)
    _btod_emul                               0x08001305   Thumb Code    42  btod.o(CL$$btod_emul)
    __btod_mult_common                       0x0800132f   Thumb Code   580  btod.o(CL$$btod_mult_common)
    Bluetooth_Init                           0x08001575   Thumb Code    10  bluetooth.o(i.Bluetooth_Init)
    BusFault_Handler                         0x08001589   Thumb Code     2  stm32f1xx_it.o(i.BusFault_Handler)
    DebugMon_Handler                         0x0800158b   Thumb Code     2  stm32f1xx_it.o(i.DebugMon_Handler)
    EXTI2_IRQHandler                         0x0800158d   Thumb Code     6  stm32f1xx_it.o(i.EXTI2_IRQHandler)
    EXTI9_5_IRQHandler                       0x08001593   Thumb Code     6  stm32f1xx_it.o(i.EXTI9_5_IRQHandler)
    Encoder_Init                             0x08001599   Thumb Code    22  encoder.o(i.Encoder_Init)
    Error_Handler                            0x080015b9   Thumb Code     4  main.o(i.Error_Handler)
    GetEncoderVal                            0x080015bd   Thumb Code    12  encoder.o(i.GetEncoderVal)
    HAL_DMA_Abort                            0x080015c9   Thumb Code    70  stm32f1xx_hal_dma.o(i.HAL_DMA_Abort)
    HAL_DMA_Abort_IT                         0x08001611   Thumb Code   148  stm32f1xx_hal_dma.o(i.HAL_DMA_Abort_IT)
    HAL_Delay                                0x080016a9   Thumb Code    32  stm32f1xx_hal.o(i.HAL_Delay)
    HAL_GPIO_EXTI_Callback                   0x080016cd   Thumb Code    98  main.o(i.HAL_GPIO_EXTI_Callback)
    HAL_GPIO_EXTI_IRQHandler                 0x08001745   Thumb Code    18  stm32f1xx_hal_gpio.o(i.HAL_GPIO_EXTI_IRQHandler)
    HAL_GPIO_Init                            0x0800175d   Thumb Code   446  stm32f1xx_hal_gpio.o(i.HAL_GPIO_Init)
    HAL_GPIO_ReadPin                         0x0800193d   Thumb Code    10  stm32f1xx_hal_gpio.o(i.HAL_GPIO_ReadPin)
    HAL_GPIO_WritePin                        0x08001947   Thumb Code    10  stm32f1xx_hal_gpio.o(i.HAL_GPIO_WritePin)
    HAL_GetTick                              0x08001951   Thumb Code     6  stm32f1xx_hal.o(i.HAL_GetTick)
    HAL_I2C_Init                             0x0800195d   Thumb Code   376  stm32f1xx_hal_i2c.o(i.HAL_I2C_Init)
    HAL_I2C_Master_Transmit                  0x08001ae5   Thumb Code   290  stm32f1xx_hal_i2c.o(i.HAL_I2C_Master_Transmit)
    HAL_I2C_MspInit                          0x08001c11   Thumb Code    96  i2c.o(i.HAL_I2C_MspInit)
    HAL_IncTick                              0x08001c81   Thumb Code    12  stm32f1xx_hal.o(i.HAL_IncTick)
    HAL_Init                                 0x08001c91   Thumb Code    32  stm32f1xx_hal.o(i.HAL_Init)
    HAL_InitTick                             0x08001cb5   Thumb Code    54  stm32f1xx_hal.o(i.HAL_InitTick)
    HAL_MspInit                              0x08001cf5   Thumb Code    52  stm32f1xx_hal_msp.o(i.HAL_MspInit)
    HAL_NVIC_EnableIRQ                       0x08001d31   Thumb Code    26  stm32f1xx_hal_cortex.o(i.HAL_NVIC_EnableIRQ)
    HAL_NVIC_SetPriority                     0x08001d4d   Thumb Code    60  stm32f1xx_hal_cortex.o(i.HAL_NVIC_SetPriority)
    HAL_NVIC_SetPriorityGrouping             0x08001d8d   Thumb Code    26  stm32f1xx_hal_cortex.o(i.HAL_NVIC_SetPriorityGrouping)
    HAL_RCC_ClockConfig                      0x08001db1   Thumb Code   280  stm32f1xx_hal_rcc.o(i.HAL_RCC_ClockConfig)
    HAL_RCC_GetPCLK1Freq                     0x08001edd   Thumb Code    20  stm32f1xx_hal_rcc.o(i.HAL_RCC_GetPCLK1Freq)
    HAL_RCC_GetPCLK2Freq                     0x08001efd   Thumb Code    20  stm32f1xx_hal_rcc.o(i.HAL_RCC_GetPCLK2Freq)
    HAL_RCC_GetSysClockFreq                  0x08001f1d   Thumb Code    58  stm32f1xx_hal_rcc.o(i.HAL_RCC_GetSysClockFreq)
    HAL_RCC_OscConfig                        0x08001f69   Thumb Code   778  stm32f1xx_hal_rcc.o(i.HAL_RCC_OscConfig)
    HAL_SYSTICK_Config                       0x08002289   Thumb Code    40  stm32f1xx_hal_cortex.o(i.HAL_SYSTICK_Config)
    HAL_TIMEx_ConfigBreakDeadTime            0x080022b1   Thumb Code    84  stm32f1xx_hal_tim_ex.o(i.HAL_TIMEx_ConfigBreakDeadTime)
    HAL_TIMEx_MasterConfigSynchronization    0x08002305   Thumb Code    92  stm32f1xx_hal_tim_ex.o(i.HAL_TIMEx_MasterConfigSynchronization)
    HAL_TIM_Base_Init                        0x0800236d   Thumb Code    90  stm32f1xx_hal_tim.o(i.HAL_TIM_Base_Init)
    HAL_TIM_Base_MspInit                     0x080023c9   Thumb Code    30  tim.o(i.HAL_TIM_Base_MspInit)
    HAL_TIM_Base_Start                       0x080023f1   Thumb Code    66  stm32f1xx_hal_tim.o(i.HAL_TIM_Base_Start)
    HAL_TIM_Base_Stop                        0x08002441   Thumb Code    38  stm32f1xx_hal_tim.o(i.HAL_TIM_Base_Stop)
    HAL_TIM_ConfigClockSource                0x08002467   Thumb Code   220  stm32f1xx_hal_tim.o(i.HAL_TIM_ConfigClockSource)
    HAL_TIM_Encoder_Init                     0x08002543   Thumb Code   164  stm32f1xx_hal_tim.o(i.HAL_TIM_Encoder_Init)
    HAL_TIM_Encoder_MspInit                  0x080025e9   Thumb Code   122  tim.o(i.HAL_TIM_Encoder_MspInit)
    HAL_TIM_Encoder_Start                    0x08002675   Thumb Code   142  stm32f1xx_hal_tim.o(i.HAL_TIM_Encoder_Start)
    HAL_TIM_MspPostInit                      0x08002705   Thumb Code    66  tim.o(i.HAL_TIM_MspPostInit)
    HAL_TIM_PWM_ConfigChannel                0x08002755   Thumb Code   204  stm32f1xx_hal_tim.o(i.HAL_TIM_PWM_ConfigChannel)
    HAL_TIM_PWM_Init                         0x08002821   Thumb Code    90  stm32f1xx_hal_tim.o(i.HAL_TIM_PWM_Init)
    HAL_TIM_PWM_MspInit                      0x0800287d   Thumb Code    30  tim.o(i.HAL_TIM_PWM_MspInit)
    HAL_TIM_PWM_Start                        0x080028a5   Thumb Code   144  stm32f1xx_hal_tim.o(i.HAL_TIM_PWM_Start)
    HAL_UARTEx_RxEventCallback               0x08002941   Thumb Code     2  stm32f1xx_hal_uart.o(i.HAL_UARTEx_RxEventCallback)
    HAL_UART_ErrorCallback                   0x08002943   Thumb Code     2  stm32f1xx_hal_uart.o(i.HAL_UART_ErrorCallback)
    HAL_UART_IRQHandler                      0x08002945   Thumb Code   616  stm32f1xx_hal_uart.o(i.HAL_UART_IRQHandler)
    HAL_UART_Init                            0x08002bb1   Thumb Code   100  stm32f1xx_hal_uart.o(i.HAL_UART_Init)
    HAL_UART_MspInit                         0x08002c15   Thumb Code   116  usart.o(i.HAL_UART_MspInit)
    HAL_UART_Receive_IT                      0x08002c95   Thumb Code    28  stm32f1xx_hal_uart.o(i.HAL_UART_Receive_IT)
    HAL_UART_RxCpltCallback                  0x08002cb1   Thumb Code    40  bluetooth.o(i.HAL_UART_RxCpltCallback)
    HAL_UART_Transmit                        0x08002ce5   Thumb Code   154  stm32f1xx_hal_uart.o(i.HAL_UART_Transmit)
    HAL_UART_TxCpltCallback                  0x08002d7f   Thumb Code     2  stm32f1xx_hal_uart.o(i.HAL_UART_TxCpltCallback)
    HC_SR04_GetDistance                      0x08002d81   Thumb Code    34  hc_sr04.o(i.HC_SR04_GetDistance)
    HardFault_Handler                        0x08002da9   Thumb Code     2  stm32f1xx_it.o(i.HardFault_Handler)
    IIC_Ack                                  0x08003071   Thumb Code    60  iic.o(i.IIC_Ack)
    IIC_GPIO_Init                            0x080030bd   Thumb Code    50  iic.o(i.IIC_GPIO_Init)
    IIC_NAck                                 0x080030f9   Thumb Code    50  iic.o(i.IIC_NAck)
    IIC_Read_Byte                            0x08003131   Thumb Code    84  iic.o(i.IIC_Read_Byte)
    IIC_Send_Byte                            0x08003189   Thumb Code    86  iic.o(i.IIC_Send_Byte)
    IIC_Start                                0x080031e5   Thumb Code    60  iic.o(i.IIC_Start)
    IIC_Stop                                 0x08003225   Thumb Code    42  iic.o(i.IIC_Stop)
    IIC_Wait_Ack                             0x08003255   Thumb Code    66  iic.o(i.IIC_Wait_Ack)
    MPU_Get_Accelerometer                    0x0800329d   Thumb Code    50  mpu6050.o(i.MPU_Get_Accelerometer)
    MPU_Get_Gyroscope                        0x080032cf   Thumb Code    50  mpu6050.o(i.MPU_Get_Gyroscope)
    MPU_Init                                 0x08003301   Thumb Code   118  mpu6050.o(i.MPU_Init)
    MPU_Read_Byte                            0x08003377   Thumb Code    58  mpu6050.o(i.MPU_Read_Byte)
    MPU_Read_Len                             0x080033b1   Thumb Code   108  mpu6050.o(i.MPU_Read_Len)
    MPU_Set_Accel_Fsr                        0x0800341d   Thumb Code    10  mpu6050.o(i.MPU_Set_Accel_Fsr)
    MPU_Set_Gyro_Fsr                         0x08003427   Thumb Code    10  mpu6050.o(i.MPU_Set_Gyro_Fsr)
    MPU_Set_LPF                              0x08003431   Thumb Code    48  mpu6050.o(i.MPU_Set_LPF)
    MPU_Set_Rate                             0x08003461   Thumb Code    46  mpu6050.o(i.MPU_Set_Rate)
    MPU_Write_Byte                           0x0800348f   Thumb Code    60  mpu6050.o(i.MPU_Write_Byte)
    MPU_Write_Len                            0x080034cb   Thumb Code    82  mpu6050.o(i.MPU_Write_Len)
    MX_GPIO_Init                             0x0800351d   Thumb Code   230  gpio.o(i.MX_GPIO_Init)
    MX_I2C1_Init                             0x08003619   Thumb Code    50  i2c.o(i.MX_I2C1_Init)
    MX_TIM1_Init                             0x08003659   Thumb Code   170  tim.o(i.MX_TIM1_Init)
    MX_TIM2_Init                             0x0800370d   Thumb Code   100  tim.o(i.MX_TIM2_Init)
    MX_TIM3_Init                             0x08003775   Thumb Code    94  tim.o(i.MX_TIM3_Init)
    MX_TIM4_Init                             0x080037dd   Thumb Code    98  tim.o(i.MX_TIM4_Init)
    MX_USART3_UART_Init                      0x08003849   Thumb Code    48  usart.o(i.MX_USART3_UART_Init)
    MemManage_Handler                        0x08003881   Thumb Code     2  stm32f1xx_it.o(i.MemManage_Handler)
    Motor_Control                            0x08003885   Thumb Code   116  motor.o(i.Motor_Control)
    Motor_Init                               0x08003901   Thumb Code    22  motor.o(i.Motor_Init)
    Motor_Limit                              0x0800391d   Thumb Code    42  motor.o(i.Motor_Limit)
    NMI_Handler                              0x08003947   Thumb Code     2  stm32f1xx_it.o(i.NMI_Handler)
    OLED_Clear                               0x08003949   Thumb Code    38  oled.o(i.OLED_Clear)
    OLED_Init                                0x0800396f   Thumb Code   168  oled.o(i.OLED_Init)
    OLED_SetCursor                           0x08003a17   Thumb Code    34  oled.o(i.OLED_SetCursor)
    OLED_ShowChar                            0x08003a39   Thumb Code   368  oled.o(i.OLED_ShowChar)
    OLED_ShowString                          0x08003bb9   Thumb Code    42  oled.o(i.OLED_ShowString)
    OLED_WriteCommand                        0x08003be5   Thumb Code    30  oled.o(i.OLED_WriteCommand)
    OLED_WriteData                           0x08003c09   Thumb Code    32  oled.o(i.OLED_WriteData)
    PID_Control                              0x08003c2d   Thumb Code   172  pid.o(i.PID_Control)
    PendSV_Handler                           0x08003ced   Thumb Code     2  stm32f1xx_it.o(i.PendSV_Handler)
    SVC_Handler                              0x08003cef   Thumb Code     2  stm32f1xx_it.o(i.SVC_Handler)
    SysTick_Handler                          0x08003cf1   Thumb Code     4  stm32f1xx_it.o(i.SysTick_Handler)
    SystemClock_Config                       0x08003cf5   Thumb Code    94  main.o(i.SystemClock_Config)
    SystemInit                               0x08003d53   Thumb Code     2  system_stm32f1xx.o(i.SystemInit)
    TIM_Base_SetConfig                       0x08003d55   Thumb Code    94  stm32f1xx_hal_tim.o(i.TIM_Base_SetConfig)
    TIM_CCxChannelCmd                        0x08003dc1   Thumb Code    26  stm32f1xx_hal_tim.o(i.TIM_CCxChannelCmd)
    TIM_ETR_SetConfig                        0x08003ddb   Thumb Code    20  stm32f1xx_hal_tim.o(i.TIM_ETR_SetConfig)
    TIM_OC2_SetConfig                        0x08003e51   Thumb Code    84  stm32f1xx_hal_tim.o(i.TIM_OC2_SetConfig)
    Turn_PD                                  0x08003f8d   Thumb Code    36  pid.o(i.Turn_PD)
    UART_Start_Receive_IT                    0x0800418d   Thumb Code    54  stm32f1xx_hal_uart.o(i.UART_Start_Receive_IT)
    USART3_IRQHandler                        0x0800423d   Thumb Code     6  stm32f1xx_it.o(i.USART3_IRQHandler)
    UsageFault_Handler                       0x08004249   Thumb Code     2  stm32f1xx_it.o(i.UsageFault_Handler)
    Velocity_PI                              0x0800424d   Thumb Code   126  pid.o(i.Velocity_PI)
    Vertical_PD                              0x080042d9   Thumb Code    44  pid.o(i.Vertical_PD)
    __ARM_fpclassify                         0x08004309   Thumb Code    40  fpclassify.o(i.__ARM_fpclassify)
    __kernel_poly                            0x08004351   Thumb Code   170  poly.o(i.__kernel_poly)
    __mathlib_dbl_infnan                     0x080043fb   Thumb Code     6  dunder.o(i.__mathlib_dbl_infnan)
    __mathlib_dbl_infnan2                    0x08004401   Thumb Code     4  dunder.o(i.__mathlib_dbl_infnan2)
    __mathlib_dbl_invalid                    0x08004405   Thumb Code    12  dunder.o(i.__mathlib_dbl_invalid)
    __mathlib_dbl_underflow                  0x08004411   Thumb Code    10  dunder.o(i.__mathlib_dbl_underflow)
    _is_digit                                0x08004421   Thumb Code    14  __printf_wp.o(i._is_digit)
    asin                                     0x080044b1   Thumb Code   572  asin.o(i.asin)
    atan                                     0x08004721   Thumb Code   474  atan.o(i.atan)
    atan2                                    0x08004941   Thumb Code   374  atan2.o(i.atan2)
    delay_us                                 0x08004add   Thumb Code    74  hc_sr04.o(i.delay_us)
    dmp_enable_6x_lp_quat                    0x08004b2d   Thumb Code    58  inv_mpu_dmp_motion_driver.o(i.dmp_enable_6x_lp_quat)
    dmp_enable_feature                       0x08004b69   Thumb Code   464  inv_mpu_dmp_motion_driver.o(i.dmp_enable_feature)
    dmp_enable_gyro_cal                      0x08004d41   Thumb Code    34  inv_mpu_dmp_motion_driver.o(i.dmp_enable_gyro_cal)
    dmp_enable_lp_quat                       0x08004d7d   Thumb Code    58  inv_mpu_dmp_motion_driver.o(i.dmp_enable_lp_quat)
    dmp_load_motion_driver_firmware          0x08004db9   Thumb Code    16  inv_mpu_dmp_motion_driver.o(i.dmp_load_motion_driver_firmware)
    dmp_read_fifo                            0x08004dcd   Thumb Code   352  inv_mpu_dmp_motion_driver.o(i.dmp_read_fifo)
    dmp_set_accel_bias                       0x08004f31   Thumb Code   210  inv_mpu_dmp_motion_driver.o(i.dmp_set_accel_bias)
    dmp_set_fifo_rate                        0x08005009   Thumb Code    82  inv_mpu_dmp_motion_driver.o(i.dmp_set_fifo_rate)
    dmp_set_gyro_bias                        0x0800506d   Thumb Code   196  inv_mpu_dmp_motion_driver.o(i.dmp_set_gyro_bias)
    dmp_set_orientation                      0x08005139   Thumb Code   246  inv_mpu_dmp_motion_driver.o(i.dmp_set_orientation)
    dmp_set_shake_reject_thresh              0x08005245   Thumb Code    48  inv_mpu_dmp_motion_driver.o(i.dmp_set_shake_reject_thresh)
    dmp_set_shake_reject_time                0x08005275   Thumb Code    32  inv_mpu_dmp_motion_driver.o(i.dmp_set_shake_reject_time)
    dmp_set_shake_reject_timeout             0x08005295   Thumb Code    32  inv_mpu_dmp_motion_driver.o(i.dmp_set_shake_reject_timeout)
    dmp_set_tap_axes                         0x080052b5   Thumb Code    64  inv_mpu_dmp_motion_driver.o(i.dmp_set_tap_axes)
    dmp_set_tap_count                        0x080052f5   Thumb Code    34  inv_mpu_dmp_motion_driver.o(i.dmp_set_tap_count)
    dmp_set_tap_thresh                       0x08005319   Thumb Code   274  inv_mpu_dmp_motion_driver.o(i.dmp_set_tap_thresh)
    dmp_set_tap_time                         0x08005441   Thumb Code    32  inv_mpu_dmp_motion_driver.o(i.dmp_set_tap_time)
    dmp_set_tap_time_multi                   0x08005461   Thumb Code    32  inv_mpu_dmp_motion_driver.o(i.dmp_set_tap_time_multi)
    inv_orientation_matrix_to_scalar         0x08005915   Thumb Code    34  inv_mpu.o(i.inv_orientation_matrix_to_scalar)
    inv_row_2_scale                          0x08005937   Thumb Code    72  inv_mpu.o(i.inv_row_2_scale)
    main                                     0x08005981   Thumb Code   290  main.o(i.main)
    mget_ms                                  0x08005b29   Thumb Code     2  inv_mpu.o(i.mget_ms)
    mpu_configure_fifo                       0x08005b2d   Thumb Code    78  inv_mpu.o(i.mpu_configure_fifo)
    mpu_dmp_get_data                         0x08005b81   Thumb Code   408  inv_mpu.o(i.mpu_dmp_get_data)
    mpu_dmp_init                             0x08005d1d   Thumb Code   158  inv_mpu.o(i.mpu_dmp_init)
    mpu_get_accel_fsr                        0x08005dc1   Thumb Code    54  inv_mpu.o(i.mpu_get_accel_fsr)
    mpu_get_accel_sens                       0x08005dfd   Thumb Code    62  inv_mpu.o(i.mpu_get_accel_sens)
    mpu_get_gyro_fsr                         0x08005e41   Thumb Code    48  inv_mpu.o(i.mpu_get_gyro_fsr)
    mpu_get_gyro_sens                        0x08005e75   Thumb Code    44  inv_mpu.o(i.mpu_get_gyro_sens)
    mpu_get_lpf                              0x08005eb5   Thumb Code    52  inv_mpu.o(i.mpu_get_lpf)
    mpu_get_sample_rate                      0x08005eed   Thumb Code    22  inv_mpu.o(i.mpu_get_sample_rate)
    mpu_init                                 0x08005f09   Thumb Code   288  inv_mpu.o(i.mpu_init)
    mpu_load_firmware                        0x0800602d   Thumb Code   154  inv_mpu.o(i.mpu_load_firmware)
    mpu_lp_accel_mode                        0x080060cd   Thumb Code   178  inv_mpu.o(i.mpu_lp_accel_mode)
    mpu_read_fifo_stream                     0x08006185   Thumb Code   140  inv_mpu.o(i.mpu_read_fifo_stream)
    mpu_read_mem                             0x08006215   Thumb Code    80  inv_mpu.o(i.mpu_read_mem)
    mpu_reset_fifo                           0x08006269   Thumb Code   346  inv_mpu.o(i.mpu_reset_fifo)
    mpu_run_self_test                        0x080063c9   Thumb Code   234  inv_mpu.o(i.mpu_run_self_test)
    mpu_set_accel_fsr                        0x080064b9   Thumb Code    98  inv_mpu.o(i.mpu_set_accel_fsr)
    mpu_set_bypass                           0x08006521   Thumb Code   214  inv_mpu.o(i.mpu_set_bypass)
    mpu_set_dmp_state                        0x080065fd   Thumb Code   114  inv_mpu.o(i.mpu_set_dmp_state)
    mpu_set_gyro_fsr                         0x08006675   Thumb Code   104  inv_mpu.o(i.mpu_set_gyro_fsr)
    mpu_set_int_latched                      0x080066e1   Thumb Code    94  inv_mpu.o(i.mpu_set_int_latched)
    mpu_set_lpf                              0x08006745   Thumb Code   102  inv_mpu.o(i.mpu_set_lpf)
    mpu_set_sample_rate                      0x080067b1   Thumb Code   124  inv_mpu.o(i.mpu_set_sample_rate)
    mpu_set_sensors                          0x08006831   Thumb Code   178  inv_mpu.o(i.mpu_set_sensors)
    mpu_write_mem                            0x080068e9   Thumb Code    80  inv_mpu.o(i.mpu_write_mem)
    run_self_test                            0x0800693d   Thumb Code   128  inv_mpu.o(i.run_self_test)
    sqrt                                     0x08006a15   Thumb Code    76  sqrt.o(i.sqrt)
    _get_lc_numeric                          0x08006a61   Thumb Code    44  lc_numeric_c.o(locale$$code)
    __aeabi_d2f                              0x08006a8d   Thumb Code     0  d2f.o(x$fpl$d2f)
    _d2f                                     0x08006a8d   Thumb Code    98  d2f.o(x$fpl$d2f)
    __aeabi_dadd                             0x08006af1   Thumb Code     0  daddsub_clz.o(x$fpl$dadd)
    _dadd                                    0x08006af1   Thumb Code   332  daddsub_clz.o(x$fpl$dadd)
    __fpl_dcheck_NaN1                        0x08006c41   Thumb Code    10  dcheck1.o(x$fpl$dcheck1)
    __fpl_dcmp_Inf                           0x08006c51   Thumb Code    24  dcmpi.o(x$fpl$dcmpinf)
    __aeabi_ddiv                             0x08006c69   Thumb Code     0  ddiv.o(x$fpl$ddiv)
    _ddiv                                    0x08006c69   Thumb Code   552  ddiv.o(x$fpl$ddiv)
    __aeabi_cdcmpeq                          0x08006f19   Thumb Code     0  deqf.o(x$fpl$deqf)
    _dcmpeq                                  0x08006f19   Thumb Code   120  deqf.o(x$fpl$deqf)
    __aeabi_dmul                             0x08006f91   Thumb Code     0  dmul.o(x$fpl$dmul)
    _dmul                                    0x08006f91   Thumb Code   332  dmul.o(x$fpl$dmul)
    __fpl_dnaninf                            0x080070e5   Thumb Code   156  dnaninf.o(x$fpl$dnaninf)
    __fpl_dretinf                            0x08007181   Thumb Code    12  dretinf.o(x$fpl$dretinf)
    __aeabi_drsub                            0x0800718d   Thumb Code     0  daddsub_clz.o(x$fpl$drsb)
    _drsb                                    0x0800718d   Thumb Code    22  daddsub_clz.o(x$fpl$drsb)
    _dsqrt                                   0x080071a5   Thumb Code   456  dsqrt_noumaal.o(x$fpl$dsqrt)
    __aeabi_dsub                             0x08007371   Thumb Code     0  daddsub_clz.o(x$fpl$dsub)
    _dsub                                    0x08007371   Thumb Code   464  daddsub_clz.o(x$fpl$dsub)
    __aeabi_f2d                              0x08007545   Thumb Code     0  f2d.o(x$fpl$f2d)
    _f2d                                     0x08007545   Thumb Code    86  f2d.o(x$fpl$f2d)
    __aeabi_fadd                             0x0800759d   Thumb Code     0  faddsub_clz.o(x$fpl$fadd)
    _fadd                                    0x0800759d   Thumb Code   196  faddsub_clz.o(x$fpl$fadd)
    __fpl_fcheck_NaN1                        0x08007661   Thumb Code     6  fcheck1.o(x$fpl$fcheck1)
    __aeabi_fdiv                             0x0800766d   Thumb Code     0  fdiv.o(x$fpl$fdiv)
    _fdiv                                    0x0800766d   Thumb Code   384  fdiv.o(x$fpl$fdiv)
    __aeabi_f2iz                             0x080077f1   Thumb Code     0  ffix.o(x$fpl$ffix)
    _ffix                                    0x080077f1   Thumb Code    54  ffix.o(x$fpl$ffix)
    __aeabi_f2uiz                            0x08007829   Thumb Code     0  ffixu.o(x$fpl$ffixu)
    _ffixu                                   0x08007829   Thumb Code    62  ffixu.o(x$fpl$ffixu)
    __aeabi_i2f                              0x08007869   Thumb Code     0  fflt_clz.o(x$fpl$fflt)
    _fflt                                    0x08007869   Thumb Code    48  fflt_clz.o(x$fpl$fflt)
    __aeabi_ui2f                             0x08007899   Thumb Code     0  fflt_clz.o(x$fpl$ffltu)
    _ffltu                                   0x08007899   Thumb Code    38  fflt_clz.o(x$fpl$ffltu)
    __aeabi_fmul                             0x080078c1   Thumb Code     0  fmul.o(x$fpl$fmul)
    _fmul                                    0x080078c1   Thumb Code   258  fmul.o(x$fpl$fmul)
    __fpl_fnaninf                            0x080079c3   Thumb Code   140  fnaninf.o(x$fpl$fnaninf)
    __fpl_fretinf                            0x08007a4f   Thumb Code    10  fretinf.o(x$fpl$fretinf)
    __aeabi_fsub                             0x08007a59   Thumb Code     0  faddsub_clz.o(x$fpl$fsub)
    _fsub                                    0x08007a59   Thumb Code   234  faddsub_clz.o(x$fpl$fsub)
    _printf_fp_dec                           0x08007b43   Thumb Code     4  printf1.o(x$fpl$printf1)
    __fpl_return_NaN                         0x08007b47   Thumb Code   100  retnan.o(x$fpl$retnan)
    __ARM_scalbn                             0x08007bab   Thumb Code    92  scalbn.o(x$fpl$scalbn)
    __ARM_scalbnf                            0x08007c07   Thumb Code    76  scalbnf.o(x$fpl$scalbnf)
    __fpl_cmpreturn                          0x08007c53   Thumb Code    48  trapv.o(x$fpl$trapveneer)
    __I$use$fp                               0x08007c82   Number         0  usenofp.o(x$fpl$usenofp)
    AHBPrescTable                            0x08007c94   Data          16  system_stm32f1xx.o(.constdata)
    APBPrescTable                            0x08007ca4   Data           8  system_stm32f1xx.o(.constdata)
    reg                                      0x08007cac   Data          27  inv_mpu.o(.constdata)
    hw                                       0x08007cc8   Data          12  inv_mpu.o(.constdata)
    test                                     0x08007cd4   Data          40  inv_mpu.o(.constdata)
    OLED_F8x16                               0x080088f2   Data        1520  oled.o(.constdata)
    OLED_F8x6                                0x08008ee2   Data         552  oled.o(.constdata)
    OLED_F12x6                               0x0800910a   Data        1140  oled.o(.constdata)
    OLED_F24x12                              0x0800957e   Data        3420  oled.o(.constdata)
    __mathlib_zero                           0x0800a3c8   Data           8  qnan.o(.constdata)
    Region$$Table$$Base                      0x0800a464   Number         0  anon$$obj.o(Region$$Table)
    Region$$Table$$Limit                     0x0800a484   Number         0  anon$$obj.o(Region$$Table)
    uwTickFreq                               0x20000000   Data           1  stm32f1xx_hal.o(.data)
    uwTickPrio                               0x20000004   Data           4  stm32f1xx_hal.o(.data)
    uwTick                                   0x20000008   Data           4  stm32f1xx_hal.o(.data)
    SystemCoreClock                          0x2000000c   Data           4  system_stm32f1xx.o(.data)
    rx_buf                                   0x20000010   Data           2  bluetooth.o(.data)
    sys_tick                                 0x20000014   Data           4  encoder.o(.data)
    Encoder_Left                             0x20000018   Data           4  encoder.o(.data)
    Encoder_Right                            0x2000001c   Data           4  encoder.o(.data)
    distance                                 0x20000020   Data           4  hc_sr04.o(.data)
    stop_flag                                0x2000005c   Data           1  pid.o(.data)
    Gyro_X                                   0x2000005e   Data           2  pid.o(.data)
    Gyro_Y                                   0x20000060   Data           2  pid.o(.data)
    Gyro_Z                                   0x20000062   Data           2  pid.o(.data)
    aacx                                     0x20000064   Data           2  pid.o(.data)
    aacy                                     0x20000066   Data           2  pid.o(.data)
    aacz                                     0x20000068   Data           2  pid.o(.data)
    Vertical_Kp                              0x2000006c   Data           4  pid.o(.data)
    Vertical_Kd                              0x20000070   Data           4  pid.o(.data)
    Velocity_Kp                              0x20000074   Data           4  pid.o(.data)
    Velocity_Ki                              0x20000078   Data           4  pid.o(.data)
    Turn_Kp                                  0x2000007c   Data           4  pid.o(.data)
    Turn_Kd                                  0x20000080   Data           4  pid.o(.data)
    Med_Angle                                0x20000084   Data           4  pid.o(.data)
    Pitch                                    0x20000090   Data           4  pid.o(.data)
    Roll                                     0x20000094   Data           4  pid.o(.data)
    Yaw                                      0x20000098   Data           4  pid.o(.data)
    Vertical_Out                             0x2000009c   Data           4  pid.o(.data)
    Velocity_Out                             0x200000a0   Data           4  pid.o(.data)
    Turn_Out                                 0x200000a4   Data           4  pid.o(.data)
    Speed_Target                             0x200000a8   Data           4  pid.o(.data)
    Turn_Target                              0x200000ac   Data           4  pid.o(.data)
    MotorA_PWM                               0x200000b0   Data           4  pid.o(.data)
    MotorB_PWM                               0x200000b4   Data           4  pid.o(.data)
    display_buffer                           0x200000b8   Data          20  main.o(.bss)
    hi2c1                                    0x200000cc   Data          84  i2c.o(.bss)
    htim1                                    0x20000120   Data          72  tim.o(.bss)
    htim2                                    0x20000168   Data          72  tim.o(.bss)
    htim3                                    0x200001b0   Data          72  tim.o(.bss)
    htim4                                    0x200001f8   Data          72  tim.o(.bss)
    huart3                                   0x20000240   Data          72  usart.o(.bss)
    __libspace_start                         0x20000298   Data          96  libspace.o(.bss)
    __temporary_stack_top$libspace           0x200002f8   Data           0  libspace.o(.bss)



==============================================================================

Memory Map of the image

  Image Entry point : 0x080000ed

  Load Region LR_IROM1 (Base: 0x08000000, Size: 0x0000a558, Max: 0x00010000, ABSOLUTE)

    Execution Region ER_IROM1 (Exec base: 0x08000000, Load base: 0x08000000, Size: 0x0000a4a0, Max: 0x00010000, ABSOLUTE)

    Exec Addr    Load Addr    Size         Type   Attr      Idx    E Section Name        Object

    0x08000000   0x08000000   0x000000ec   Data   RO            3    RESET               startup_stm32f103xb.o
    0x080000ec   0x080000ec   0x00000008   Code   RO         4392  * !!!main             c_w.l(__main.o)
    0x080000f4   0x080000f4   0x00000034   Code   RO         4758    !!!scatter          c_w.l(__scatter.o)
    0x08000128   0x08000128   0x0000001a   Code   RO         4760    !!handler_copy      c_w.l(__scatter_copy.o)
    0x08000142   0x08000142   0x00000002   PAD
    0x08000144   0x08000144   0x0000001c   Code   RO         4762    !!handler_zi        c_w.l(__scatter_zi.o)
    0x08000160   0x08000160   0x00000000   Code   RO         4383    .ARM.Collect$$_printf_percent$$00000000  c_w.l(_printf_percent.o)
    0x08000160   0x08000160   0x00000006   Code   RO         4382    .ARM.Collect$$_printf_percent$$00000003  c_w.l(_printf_f.o)
    0x08000166   0x08000166   0x00000006   Code   RO         4381    .ARM.Collect$$_printf_percent$$00000009  c_w.l(_printf_d.o)
    0x0800016c   0x0800016c   0x00000004   Code   RO         4477    .ARM.Collect$$_printf_percent$$00000017  c_w.l(_printf_percent_end.o)
    0x08000170   0x08000170   0x00000002   Code   RO         4623    .ARM.Collect$$libinit$$00000000  c_w.l(libinit.o)
    0x08000172   0x08000172   0x00000000   Code   RO         4625    .ARM.Collect$$libinit$$00000002  c_w.l(libinit2.o)
    0x08000172   0x08000172   0x00000000   Code   RO         4627    .ARM.Collect$$libinit$$00000004  c_w.l(libinit2.o)
    0x08000172   0x08000172   0x00000000   Code   RO         4630    .ARM.Collect$$libinit$$0000000A  c_w.l(libinit2.o)
    0x08000172   0x08000172   0x00000000   Code   RO         4632    .ARM.Collect$$libinit$$0000000C  c_w.l(libinit2.o)
    0x08000172   0x08000172   0x00000000   Code   RO         4634    .ARM.Collect$$libinit$$0000000E  c_w.l(libinit2.o)
    0x08000172   0x08000172   0x00000006   Code   RO         4635    .ARM.Collect$$libinit$$0000000F  c_w.l(libinit2.o)
    0x08000178   0x08000178   0x00000000   Code   RO         4637    .ARM.Collect$$libinit$$00000011  c_w.l(libinit2.o)
    0x08000178   0x08000178   0x00000000   Code   RO         4639    .ARM.Collect$$libinit$$00000013  c_w.l(libinit2.o)
    0x08000178   0x08000178   0x00000000   Code   RO         4641    .ARM.Collect$$libinit$$00000015  c_w.l(libinit2.o)
    0x08000178   0x08000178   0x0000000a   Code   RO         4642    .ARM.Collect$$libinit$$00000016  c_w.l(libinit2.o)
    0x08000182   0x08000182   0x00000000   Code   RO         4643    .ARM.Collect$$libinit$$00000017  c_w.l(libinit2.o)
    0x08000182   0x08000182   0x00000000   Code   RO         4645    .ARM.Collect$$libinit$$00000019  c_w.l(libinit2.o)
    0x08000182   0x08000182   0x00000000   Code   RO         4647    .ARM.Collect$$libinit$$0000001B  c_w.l(libinit2.o)
    0x08000182   0x08000182   0x00000000   Code   RO         4649    .ARM.Collect$$libinit$$0000001D  c_w.l(libinit2.o)
    0x08000182   0x08000182   0x00000000   Code   RO         4651    .ARM.Collect$$libinit$$0000001F  c_w.l(libinit2.o)
    0x08000182   0x08000182   0x00000000   Code   RO         4653    .ARM.Collect$$libinit$$00000021  c_w.l(libinit2.o)
    0x08000182   0x08000182   0x00000000   Code   RO         4655    .ARM.Collect$$libinit$$00000023  c_w.l(libinit2.o)
    0x08000182   0x08000182   0x00000000   Code   RO         4657    .ARM.Collect$$libinit$$00000025  c_w.l(libinit2.o)
    0x08000182   0x08000182   0x00000000   Code   RO         4661    .ARM.Collect$$libinit$$0000002C  c_w.l(libinit2.o)
    0x08000182   0x08000182   0x00000000   Code   RO         4663    .ARM.Collect$$libinit$$0000002E  c_w.l(libinit2.o)
    0x08000182   0x08000182   0x00000000   Code   RO         4665    .ARM.Collect$$libinit$$00000030  c_w.l(libinit2.o)
    0x08000182   0x08000182   0x00000000   Code   RO         4667    .ARM.Collect$$libinit$$00000032  c_w.l(libinit2.o)
    0x08000182   0x08000182   0x00000002   Code   RO         4668    .ARM.Collect$$libinit$$00000033  c_w.l(libinit2.o)
    0x08000184   0x08000184   0x00000002   Code   RO         4714    .ARM.Collect$$libshutdown$$00000000  c_w.l(libshutdown.o)
    0x08000186   0x08000186   0x00000000   Code   RO         4725    .ARM.Collect$$libshutdown$$00000002  c_w.l(libshutdown2.o)
    0x08000186   0x08000186   0x00000000   Code   RO         4727    .ARM.Collect$$libshutdown$$00000004  c_w.l(libshutdown2.o)
    0x08000186   0x08000186   0x00000000   Code   RO         4729    .ARM.Collect$$libshutdown$$00000006  c_w.l(libshutdown2.o)
    0x08000186   0x08000186   0x00000000   Code   RO         4732    .ARM.Collect$$libshutdown$$00000009  c_w.l(libshutdown2.o)
    0x08000186   0x08000186   0x00000000   Code   RO         4735    .ARM.Collect$$libshutdown$$0000000C  c_w.l(libshutdown2.o)
    0x08000186   0x08000186   0x00000000   Code   RO         4737    .ARM.Collect$$libshutdown$$0000000E  c_w.l(libshutdown2.o)
    0x08000186   0x08000186   0x00000000   Code   RO         4740    .ARM.Collect$$libshutdown$$00000011  c_w.l(libshutdown2.o)
    0x08000186   0x08000186   0x00000002   Code   RO         4741    .ARM.Collect$$libshutdown$$00000012  c_w.l(libshutdown2.o)
    0x08000188   0x08000188   0x00000000   Code   RO         4464    .ARM.Collect$$rtentry$$00000000  c_w.l(__rtentry.o)
    0x08000188   0x08000188   0x00000000   Code   RO         4533    .ARM.Collect$$rtentry$$00000002  c_w.l(__rtentry2.o)
    0x08000188   0x08000188   0x00000006   Code   RO         4545    .ARM.Collect$$rtentry$$00000004  c_w.l(__rtentry4.o)
    0x0800018e   0x0800018e   0x00000000   Code   RO         4535    .ARM.Collect$$rtentry$$00000009  c_w.l(__rtentry2.o)
    0x0800018e   0x0800018e   0x00000004   Code   RO         4536    .ARM.Collect$$rtentry$$0000000A  c_w.l(__rtentry2.o)
    0x08000192   0x08000192   0x00000000   Code   RO         4538    .ARM.Collect$$rtentry$$0000000C  c_w.l(__rtentry2.o)
    0x08000192   0x08000192   0x00000008   Code   RO         4539    .ARM.Collect$$rtentry$$0000000D  c_w.l(__rtentry2.o)
    0x0800019a   0x0800019a   0x00000002   Code   RO         4671    .ARM.Collect$$rtexit$$00000000  c_w.l(rtexit.o)
    0x0800019c   0x0800019c   0x00000000   Code   RO         4682    .ARM.Collect$$rtexit$$00000002  c_w.l(rtexit2.o)
    0x0800019c   0x0800019c   0x00000004   Code   RO         4683    .ARM.Collect$$rtexit$$00000003  c_w.l(rtexit2.o)
    0x080001a0   0x080001a0   0x00000006   Code   RO         4684    .ARM.Collect$$rtexit$$00000004  c_w.l(rtexit2.o)
    0x080001a6   0x080001a6   0x00000002   PAD
    0x080001a8   0x080001a8   0x00000040   Code   RO            4    .text               startup_stm32f103xb.o
    0x080001e8   0x080001e8   0x00000048   Code   RO         4351    .text               c_w.l(llsdiv.o)
    0x08000230   0x08000230   0x00000028   Code   RO         4355    .text               c_w.l(noretval__2sprintf.o)
    0x08000258   0x08000258   0x00000078   Code   RO         4359    .text               c_w.l(_printf_dec.o)
    0x080002d0   0x080002d0   0x0000010e   Code   RO         4369    .text               c_w.l(__printf_wp.o)
    0x080003de   0x080003de   0x00000058   Code   RO         4384    .text               c_w.l(memcmp.o)
    0x08000436   0x08000436   0x00000010   Code   RO         4386    .text               c_w.l(aeabi_memset.o)
    0x08000446   0x08000446   0x0000004e   Code   RO         4388    .text               c_w.l(rt_memclr_w.o)
    0x08000494   0x08000494   0x00000006   Code   RO         4390    .text               c_w.l(heapauxi.o)
    0x0800049a   0x0800049a   0x000000ee   Code   RO         4465    .text               c_w.l(lludivv7m.o)
    0x08000588   0x08000588   0x00000016   Code   RO         4467    .text               c_w.l(_rserrno.o)
    0x0800059e   0x0800059e   0x000000b2   Code   RO         4469    .text               c_w.l(_printf_intcommon.o)
    0x08000650   0x08000650   0x0000041e   Code   RO         4471    .text               c_w.l(_printf_fp_dec.o)
    0x08000a6e   0x08000a6e   0x00000002   PAD
    0x08000a70   0x08000a70   0x00000030   Code   RO         4473    .text               c_w.l(_printf_char_common.o)
    0x08000aa0   0x08000aa0   0x0000000a   Code   RO         4475    .text               c_w.l(_sputc.o)
    0x08000aaa   0x08000aaa   0x00000044   Code   RO         4478    .text               c_w.l(rt_memclr.o)
    0x08000aee   0x08000aee   0x00000002   PAD
    0x08000af0   0x08000af0   0x00000008   Code   RO         4554    .text               c_w.l(rt_locale_intlibspace.o)
    0x08000af8   0x08000af8   0x00000008   Code   RO         4559    .text               c_w.l(rt_errno_addr_intlibspace.o)
    0x08000b00   0x08000b00   0x0000008a   Code   RO         4561    .text               c_w.l(lludiv10.o)
    0x08000b8a   0x08000b8a   0x00000002   PAD
    0x08000b8c   0x08000b8c   0x00000080   Code   RO         4563    .text               c_w.l(_printf_fp_infnan.o)
    0x08000c0c   0x08000c0c   0x000000e4   Code   RO         4567    .text               c_w.l(bigflt0.o)
    0x08000cf0   0x08000cf0   0x00000008   Code   RO         4607    .text               c_w.l(libspace.o)
    0x08000cf8   0x08000cf8   0x0000004a   Code   RO         4610    .text               c_w.l(sys_stackheap_outer.o)
    0x08000d42   0x08000d42   0x00000012   Code   RO         4614    .text               c_w.l(exit.o)
    0x08000d54   0x08000d54   0x00000080   Code   RO         4616    .text               c_w.l(strcmpv7m.o)
    0x08000dd4   0x08000dd4   0x0000000c   Code   RO         4700    .text               c_w.l(sys_exit.o)
    0x08000de0   0x08000de0   0x00000002   Code   RO         4717    .text               c_w.l(use_no_semi.o)
    0x08000de2   0x08000de2   0x00000000   Code   RO         4719    .text               c_w.l(indicate_semi.o)
    0x08000de2   0x08000de2   0x0000003e   Code   RO         4570    CL$$btod_d2e        c_w.l(btod.o)
    0x08000e20   0x08000e20   0x00000046   Code   RO         4572    CL$$btod_d2e_denorm_low  c_w.l(btod.o)
    0x08000e66   0x08000e66   0x00000060   Code   RO         4571    CL$$btod_d2e_norm_op1  c_w.l(btod.o)
    0x08000ec6   0x08000ec6   0x00000338   Code   RO         4580    CL$$btod_div_common  c_w.l(btod.o)
    0x080011fe   0x080011fe   0x000000dc   Code   RO         4577    CL$$btod_e2e        c_w.l(btod.o)
    0x080012da   0x080012da   0x0000002a   Code   RO         4574    CL$$btod_ediv       c_w.l(btod.o)
    0x08001304   0x08001304   0x0000002a   Code   RO         4573    CL$$btod_emul       c_w.l(btod.o)
    0x0800132e   0x0800132e   0x00000244   Code   RO         4579    CL$$btod_mult_common  c_w.l(btod.o)
    0x08001572   0x08001572   0x00000002   PAD
    0x08001574   0x08001574   0x00000014   Code   RO         3345    i.Bluetooth_Init    bluetooth.o
    0x08001588   0x08001588   0x00000002   Code   RO          403    i.BusFault_Handler  stm32f1xx_it.o
    0x0800158a   0x0800158a   0x00000002   Code   RO          404    i.DebugMon_Handler  stm32f1xx_it.o
    0x0800158c   0x0800158c   0x00000006   Code   RO          405    i.EXTI2_IRQHandler  stm32f1xx_it.o
    0x08001592   0x08001592   0x00000006   Code   RO          406    i.EXTI9_5_IRQHandler  stm32f1xx_it.o
    0x08001598   0x08001598   0x00000020   Code   RO         3378    i.Encoder_Init      encoder.o
    0x080015b8   0x080015b8   0x00000004   Code   RO           13    i.Error_Handler     main.o
    0x080015bc   0x080015bc   0x0000000c   Code   RO         3379    i.GetEncoderVal     encoder.o
    0x080015c8   0x080015c8   0x00000046   Code   RO         1375    i.HAL_DMA_Abort     stm32f1xx_hal_dma.o
    0x0800160e   0x0800160e   0x00000002   PAD
    0x08001610   0x08001610   0x00000098   Code   RO         1376    i.HAL_DMA_Abort_IT  stm32f1xx_hal_dma.o
    0x080016a8   0x080016a8   0x00000024   Code   RO         1001    i.HAL_Delay         stm32f1xx_hal.o
    0x080016cc   0x080016cc   0x00000078   Code   RO           14    i.HAL_GPIO_EXTI_Callback  main.o
    0x08001744   0x08001744   0x00000018   Code   RO         1310    i.HAL_GPIO_EXTI_IRQHandler  stm32f1xx_hal_gpio.o
    0x0800175c   0x0800175c   0x000001e0   Code   RO         1311    i.HAL_GPIO_Init     stm32f1xx_hal_gpio.o
    0x0800193c   0x0800193c   0x0000000a   Code   RO         1313    i.HAL_GPIO_ReadPin  stm32f1xx_hal_gpio.o
    0x08001946   0x08001946   0x0000000a   Code   RO         1315    i.HAL_GPIO_WritePin  stm32f1xx_hal_gpio.o
    0x08001950   0x08001950   0x0000000c   Code   RO         1005    i.HAL_GetTick       stm32f1xx_hal.o
    0x0800195c   0x0800195c   0x00000188   Code   RO          568    i.HAL_I2C_Init      stm32f1xx_hal_i2c.o
    0x08001ae4   0x08001ae4   0x0000012c   Code   RO          581    i.HAL_I2C_Master_Transmit  stm32f1xx_hal_i2c.o
    0x08001c10   0x08001c10   0x00000070   Code   RO          230    i.HAL_I2C_MspInit   i2c.o
    0x08001c80   0x08001c80   0x00000010   Code   RO         1011    i.HAL_IncTick       stm32f1xx_hal.o
    0x08001c90   0x08001c90   0x00000024   Code   RO         1012    i.HAL_Init          stm32f1xx_hal.o
    0x08001cb4   0x08001cb4   0x00000040   Code   RO         1013    i.HAL_InitTick      stm32f1xx_hal.o
    0x08001cf4   0x08001cf4   0x0000003c   Code   RO          497    i.HAL_MspInit       stm32f1xx_hal_msp.o
    0x08001d30   0x08001d30   0x0000001a   Code   RO         1471    i.HAL_NVIC_EnableIRQ  stm32f1xx_hal_cortex.o
    0x08001d4a   0x08001d4a   0x00000002   PAD
    0x08001d4c   0x08001d4c   0x00000040   Code   RO         1477    i.HAL_NVIC_SetPriority  stm32f1xx_hal_cortex.o
    0x08001d8c   0x08001d8c   0x00000024   Code   RO         1478    i.HAL_NVIC_SetPriorityGrouping  stm32f1xx_hal_cortex.o
    0x08001db0   0x08001db0   0x0000012c   Code   RO         1169    i.HAL_RCC_ClockConfig  stm32f1xx_hal_rcc.o
    0x08001edc   0x08001edc   0x00000020   Code   RO         1176    i.HAL_RCC_GetPCLK1Freq  stm32f1xx_hal_rcc.o
    0x08001efc   0x08001efc   0x00000020   Code   RO         1177    i.HAL_RCC_GetPCLK2Freq  stm32f1xx_hal_rcc.o
    0x08001f1c   0x08001f1c   0x0000004c   Code   RO         1178    i.HAL_RCC_GetSysClockFreq  stm32f1xx_hal_rcc.o
    0x08001f68   0x08001f68   0x00000320   Code   RO         1181    i.HAL_RCC_OscConfig  stm32f1xx_hal_rcc.o
    0x08002288   0x08002288   0x00000028   Code   RO         1482    i.HAL_SYSTICK_Config  stm32f1xx_hal_cortex.o
    0x080022b0   0x080022b0   0x00000054   Code   RO         2680    i.HAL_TIMEx_ConfigBreakDeadTime  stm32f1xx_hal_tim_ex.o
    0x08002304   0x08002304   0x00000068   Code   RO         2696    i.HAL_TIMEx_MasterConfigSynchronization  stm32f1xx_hal_tim_ex.o
    0x0800236c   0x0800236c   0x0000005a   Code   RO         1973    i.HAL_TIM_Base_Init  stm32f1xx_hal_tim.o
    0x080023c6   0x080023c6   0x00000002   PAD
    0x080023c8   0x080023c8   0x00000028   Code   RO          272    i.HAL_TIM_Base_MspInit  tim.o
    0x080023f0   0x080023f0   0x00000050   Code   RO         1976    i.HAL_TIM_Base_Start  stm32f1xx_hal_tim.o
    0x08002440   0x08002440   0x00000026   Code   RO         1979    i.HAL_TIM_Base_Stop  stm32f1xx_hal_tim.o
    0x08002466   0x08002466   0x000000dc   Code   RO         1982    i.HAL_TIM_ConfigClockSource  stm32f1xx_hal_tim.o
    0x08002542   0x08002542   0x000000a4   Code   RO         1994    i.HAL_TIM_Encoder_Init  stm32f1xx_hal_tim.o
    0x080025e6   0x080025e6   0x00000002   PAD
    0x080025e8   0x080025e8   0x0000008c   Code   RO          274    i.HAL_TIM_Encoder_MspInit  tim.o
    0x08002674   0x08002674   0x0000008e   Code   RO         1997    i.HAL_TIM_Encoder_Start  stm32f1xx_hal_tim.o
    0x08002702   0x08002702   0x00000002   PAD
    0x08002704   0x08002704   0x00000050   Code   RO          275    i.HAL_TIM_MspPostInit  tim.o
    0x08002754   0x08002754   0x000000cc   Code   RO         2045    i.HAL_TIM_PWM_ConfigChannel  stm32f1xx_hal_tim.o
    0x08002820   0x08002820   0x0000005a   Code   RO         2048    i.HAL_TIM_PWM_Init  stm32f1xx_hal_tim.o
    0x0800287a   0x0800287a   0x00000002   PAD
    0x0800287c   0x0800287c   0x00000028   Code   RO          277    i.HAL_TIM_PWM_MspInit  tim.o
    0x080028a4   0x080028a4   0x0000009c   Code   RO         2053    i.HAL_TIM_PWM_Start  stm32f1xx_hal_tim.o
    0x08002940   0x08002940   0x00000002   Code   RO         2956    i.HAL_UARTEx_RxEventCallback  stm32f1xx_hal_uart.o
    0x08002942   0x08002942   0x00000002   Code   RO         2970    i.HAL_UART_ErrorCallback  stm32f1xx_hal_uart.o
    0x08002944   0x08002944   0x0000026c   Code   RO         2973    i.HAL_UART_IRQHandler  stm32f1xx_hal_uart.o
    0x08002bb0   0x08002bb0   0x00000064   Code   RO         2974    i.HAL_UART_Init     stm32f1xx_hal_uart.o
    0x08002c14   0x08002c14   0x00000080   Code   RO          362    i.HAL_UART_MspInit  usart.o
    0x08002c94   0x08002c94   0x0000001c   Code   RO         2979    i.HAL_UART_Receive_IT  stm32f1xx_hal_uart.o
    0x08002cb0   0x08002cb0   0x00000034   Code   RO         3346    i.HAL_UART_RxCpltCallback  bluetooth.o
    0x08002ce4   0x08002ce4   0x0000009a   Code   RO         2982    i.HAL_UART_Transmit  stm32f1xx_hal_uart.o
    0x08002d7e   0x08002d7e   0x00000002   Code   RO         2985    i.HAL_UART_TxCpltCallback  stm32f1xx_hal_uart.o
    0x08002d80   0x08002d80   0x00000028   Code   RO         3420    i.HC_SR04_GetDistance  hc_sr04.o
    0x08002da8   0x08002da8   0x00000002   Code   RO          407    i.HardFault_Handler  stm32f1xx_it.o
    0x08002daa   0x08002daa   0x0000002e   Code   RO          611    i.I2C_IsAcknowledgeFailed  stm32f1xx_hal_i2c.o
    0x08002dd8   0x08002dd8   0x0000009c   Code   RO          615    i.I2C_MasterRequestWrite  stm32f1xx_hal_i2c.o
    0x08002e74   0x08002e74   0x00000056   Code   RO          626    i.I2C_WaitOnBTFFlagUntilTimeout  stm32f1xx_hal_i2c.o
    0x08002eca   0x08002eca   0x00000002   PAD
    0x08002ecc   0x08002ecc   0x00000090   Code   RO          627    i.I2C_WaitOnFlagUntilTimeout  stm32f1xx_hal_i2c.o
    0x08002f5c   0x08002f5c   0x000000bc   Code   RO          628    i.I2C_WaitOnMasterAddressFlagUntilTimeout  stm32f1xx_hal_i2c.o
    0x08003018   0x08003018   0x00000056   Code   RO          630    i.I2C_WaitOnTXEFlagUntilTimeout  stm32f1xx_hal_i2c.o
    0x0800306e   0x0800306e   0x00000002   PAD
    0x08003070   0x08003070   0x00000040   Code   RO         3457    i.IIC_Ack           iic.o
    0x080030b0   0x080030b0   0x0000000c   Code   RO         3459    i.IIC_Delay         iic.o
    0x080030bc   0x080030bc   0x0000003c   Code   RO         3460    i.IIC_GPIO_Init     iic.o
    0x080030f8   0x080030f8   0x00000038   Code   RO         3461    i.IIC_NAck          iic.o
    0x08003130   0x08003130   0x00000058   Code   RO         3462    i.IIC_Read_Byte     iic.o
    0x08003188   0x08003188   0x0000005c   Code   RO         3463    i.IIC_Send_Byte     iic.o
    0x080031e4   0x080031e4   0x00000040   Code   RO         3464    i.IIC_Start         iic.o
    0x08003224   0x08003224   0x00000030   Code   RO         3465    i.IIC_Stop          iic.o
    0x08003254   0x08003254   0x00000048   Code   RO         3466    i.IIC_Wait_Ack      iic.o
    0x0800329c   0x0800329c   0x00000032   Code   RO         4116    i.MPU_Get_Accelerometer  mpu6050.o
    0x080032ce   0x080032ce   0x00000032   Code   RO         4117    i.MPU_Get_Gyroscope  mpu6050.o
    0x08003300   0x08003300   0x00000076   Code   RO         4119    i.MPU_Init          mpu6050.o
    0x08003376   0x08003376   0x0000003a   Code   RO         4120    i.MPU_Read_Byte     mpu6050.o
    0x080033b0   0x080033b0   0x0000006c   Code   RO         4121    i.MPU_Read_Len      mpu6050.o
    0x0800341c   0x0800341c   0x0000000a   Code   RO         4122    i.MPU_Set_Accel_Fsr  mpu6050.o
    0x08003426   0x08003426   0x0000000a   Code   RO         4123    i.MPU_Set_Gyro_Fsr  mpu6050.o
    0x08003430   0x08003430   0x00000030   Code   RO         4124    i.MPU_Set_LPF       mpu6050.o
    0x08003460   0x08003460   0x0000002e   Code   RO         4125    i.MPU_Set_Rate      mpu6050.o
    0x0800348e   0x0800348e   0x0000003c   Code   RO         4126    i.MPU_Write_Byte    mpu6050.o
    0x080034ca   0x080034ca   0x00000052   Code   RO         4127    i.MPU_Write_Len     mpu6050.o
    0x0800351c   0x0800351c   0x000000fc   Code   RO          205    i.MX_GPIO_Init      gpio.o
    0x08003618   0x08003618   0x00000040   Code   RO          231    i.MX_I2C1_Init      i2c.o
    0x08003658   0x08003658   0x000000b4   Code   RO          278    i.MX_TIM1_Init      tim.o
    0x0800370c   0x0800370c   0x00000068   Code   RO          279    i.MX_TIM2_Init      tim.o
    0x08003774   0x08003774   0x00000068   Code   RO          280    i.MX_TIM3_Init      tim.o
    0x080037dc   0x080037dc   0x0000006c   Code   RO          281    i.MX_TIM4_Init      tim.o
    0x08003848   0x08003848   0x00000038   Code   RO          363    i.MX_USART3_UART_Init  usart.o
    0x08003880   0x08003880   0x00000002   Code   RO          408    i.MemManage_Handler  stm32f1xx_it.o
    0x08003882   0x08003882   0x00000002   PAD
    0x08003884   0x08003884   0x0000007c   Code   RO         4074    i.Motor_Control     motor.o
    0x08003900   0x08003900   0x0000001c   Code   RO         4075    i.Motor_Init        motor.o
    0x0800391c   0x0800391c   0x0000002a   Code   RO         4076    i.Motor_Limit       motor.o
    0x08003946   0x08003946   0x00000002   Code   RO          409    i.NMI_Handler       stm32f1xx_it.o
    0x08003948   0x08003948   0x00000026   Code   RO         4205    i.OLED_Clear        oled.o
    0x0800396e   0x0800396e   0x000000a8   Code   RO         4207    i.OLED_Init         oled.o
    0x08003a16   0x08003a16   0x00000022   Code   RO         4209    i.OLED_SetCursor    oled.o
    0x08003a38   0x08003a38   0x00000180   Code   RO         4211    i.OLED_ShowChar     oled.o
    0x08003bb8   0x08003bb8   0x0000002a   Code   RO         4215    i.OLED_ShowString   oled.o
    0x08003be2   0x08003be2   0x00000002   PAD
    0x08003be4   0x08003be4   0x00000024   Code   RO         4216    i.OLED_WriteCommand  oled.o
    0x08003c08   0x08003c08   0x00000024   Code   RO         4217    i.OLED_WriteData    oled.o
    0x08003c2c   0x08003c2c   0x000000c0   Code   RO         4302    i.PID_Control       pid.o
    0x08003cec   0x08003cec   0x00000002   Code   RO          410    i.PendSV_Handler    stm32f1xx_it.o
    0x08003cee   0x08003cee   0x00000002   Code   RO          411    i.SVC_Handler       stm32f1xx_it.o
    0x08003cf0   0x08003cf0   0x00000004   Code   RO          412    i.SysTick_Handler   stm32f1xx_it.o
    0x08003cf4   0x08003cf4   0x0000005e   Code   RO           15    i.SystemClock_Config  main.o
    0x08003d52   0x08003d52   0x00000002   Code   RO         3308    i.SystemInit        system_stm32f1xx.o
    0x08003d54   0x08003d54   0x0000006c   Code   RO         2066    i.TIM_Base_SetConfig  stm32f1xx_hal_tim.o
    0x08003dc0   0x08003dc0   0x0000001a   Code   RO         2067    i.TIM_CCxChannelCmd  stm32f1xx_hal_tim.o
    0x08003dda   0x08003dda   0x00000014   Code   RO         2077    i.TIM_ETR_SetConfig  stm32f1xx_hal_tim.o
    0x08003dee   0x08003dee   0x00000010   Code   RO         2078    i.TIM_ITRx_SetConfig  stm32f1xx_hal_tim.o
    0x08003dfe   0x08003dfe   0x00000002   PAD
    0x08003e00   0x08003e00   0x00000050   Code   RO         2079    i.TIM_OC1_SetConfig  stm32f1xx_hal_tim.o
    0x08003e50   0x08003e50   0x00000058   Code   RO         2080    i.TIM_OC2_SetConfig  stm32f1xx_hal_tim.o
    0x08003ea8   0x08003ea8   0x00000058   Code   RO         2081    i.TIM_OC3_SetConfig  stm32f1xx_hal_tim.o
    0x08003f00   0x08003f00   0x00000044   Code   RO         2082    i.TIM_OC4_SetConfig  stm32f1xx_hal_tim.o
    0x08003f44   0x08003f44   0x00000022   Code   RO         2084    i.TIM_TI1_ConfigInputStage  stm32f1xx_hal_tim.o
    0x08003f66   0x08003f66   0x00000024   Code   RO         2086    i.TIM_TI2_ConfigInputStage  stm32f1xx_hal_tim.o
    0x08003f8a   0x08003f8a   0x00000002   PAD
    0x08003f8c   0x08003f8c   0x00000028   Code   RO         4303    i.Turn_PD           pid.o
    0x08003fb4   0x08003fb4   0x00000010   Code   RO         2987    i.UART_DMAAbortOnError  stm32f1xx_hal_uart.o
    0x08003fc4   0x08003fc4   0x0000004e   Code   RO         2997    i.UART_EndRxTransfer  stm32f1xx_hal_uart.o
    0x08004012   0x08004012   0x000000c2   Code   RO         2999    i.UART_Receive_IT   stm32f1xx_hal_uart.o
    0x080040d4   0x080040d4   0x000000b8   Code   RO         3000    i.UART_SetConfig    stm32f1xx_hal_uart.o
    0x0800418c   0x0800418c   0x00000036   Code   RO         3002    i.UART_Start_Receive_IT  stm32f1xx_hal_uart.o
    0x080041c2   0x080041c2   0x00000078   Code   RO         3003    i.UART_WaitOnFlagUntilTimeout  stm32f1xx_hal_uart.o
    0x0800423a   0x0800423a   0x00000002   PAD
    0x0800423c   0x0800423c   0x0000000c   Code   RO          413    i.USART3_IRQHandler  stm32f1xx_it.o
    0x08004248   0x08004248   0x00000002   Code   RO          414    i.UsageFault_Handler  stm32f1xx_it.o
    0x0800424a   0x0800424a   0x00000002   PAD
    0x0800424c   0x0800424c   0x0000008c   Code   RO         4304    i.Velocity_PI       pid.o
    0x080042d8   0x080042d8   0x00000030   Code   RO         4305    i.Vertical_PD       pid.o
    0x08004308   0x08004308   0x00000028   Code   RO         4519    i.__ARM_fpclassify  m_ws.l(fpclassify.o)
    0x08004330   0x08004330   0x00000020   Code   RO         1484    i.__NVIC_SetPriority  stm32f1xx_hal_cortex.o
    0x08004350   0x08004350   0x000000aa   Code   RO         4521    i.__kernel_poly     m_ws.l(poly.o)
    0x080043fa   0x080043fa   0x00000006   Code   RO         4506    i.__mathlib_dbl_infnan  m_ws.l(dunder.o)
    0x08004400   0x08004400   0x00000004   Code   RO         4507    i.__mathlib_dbl_infnan2  m_ws.l(dunder.o)
    0x08004404   0x08004404   0x0000000c   Code   RO         4508    i.__mathlib_dbl_invalid  m_ws.l(dunder.o)
    0x08004410   0x08004410   0x00000010   Code   RO         4511    i.__mathlib_dbl_underflow  m_ws.l(dunder.o)
    0x08004420   0x08004420   0x0000000e   Code   RO         4371    i._is_digit         c_w.l(__printf_wp.o)
    0x0800442e   0x0800442e   0x00000002   PAD
    0x08004430   0x08004430   0x00000080   Code   RO         3534    i.accel_self_test   inv_mpu.o
    0x080044b0   0x080044b0   0x00000270   Code   RO         4447    i.asin              m_ws.l(asin.o)
    0x08004720   0x08004720   0x00000220   Code   RO         4496    i.atan              m_ws.l(atan.o)
    0x08004940   0x08004940   0x0000019c   Code   RO         4457    i.atan2             m_ws.l(atan2.o)
    0x08004adc   0x08004adc   0x00000050   Code   RO         3421    i.delay_us          hc_sr04.o
    0x08004b2c   0x08004b2c   0x0000003a   Code   RO         3885    i.dmp_enable_6x_lp_quat  inv_mpu_dmp_motion_driver.o
    0x08004b66   0x08004b66   0x00000002   PAD
    0x08004b68   0x08004b68   0x000001d8   Code   RO         3886    i.dmp_enable_feature  inv_mpu_dmp_motion_driver.o
    0x08004d40   0x08004d40   0x0000003c   Code   RO         3887    i.dmp_enable_gyro_cal  inv_mpu_dmp_motion_driver.o
    0x08004d7c   0x08004d7c   0x0000003a   Code   RO         3888    i.dmp_enable_lp_quat  inv_mpu_dmp_motion_driver.o
    0x08004db6   0x08004db6   0x00000002   PAD
    0x08004db8   0x08004db8   0x00000014   Code   RO         3893    i.dmp_load_motion_driver_firmware  inv_mpu_dmp_motion_driver.o
    0x08004dcc   0x08004dcc   0x00000164   Code   RO         3894    i.dmp_read_fifo     inv_mpu_dmp_motion_driver.o
    0x08004f30   0x08004f30   0x000000d8   Code   RO         3897    i.dmp_set_accel_bias  inv_mpu_dmp_motion_driver.o
    0x08005008   0x08005008   0x00000064   Code   RO         3898    i.dmp_set_fifo_rate  inv_mpu_dmp_motion_driver.o
    0x0800506c   0x0800506c   0x000000cc   Code   RO         3899    i.dmp_set_gyro_bias  inv_mpu_dmp_motion_driver.o
    0x08005138   0x08005138   0x0000010c   Code   RO         3901    i.dmp_set_orientation  inv_mpu_dmp_motion_driver.o
    0x08005244   0x08005244   0x00000030   Code   RO         3904    i.dmp_set_shake_reject_thresh  inv_mpu_dmp_motion_driver.o
    0x08005274   0x08005274   0x00000020   Code   RO         3905    i.dmp_set_shake_reject_time  inv_mpu_dmp_motion_driver.o
    0x08005294   0x08005294   0x00000020   Code   RO         3906    i.dmp_set_shake_reject_timeout  inv_mpu_dmp_motion_driver.o
    0x080052b4   0x080052b4   0x00000040   Code   RO         3907    i.dmp_set_tap_axes  inv_mpu_dmp_motion_driver.o
    0x080052f4   0x080052f4   0x00000022   Code   RO         3908    i.dmp_set_tap_count  inv_mpu_dmp_motion_driver.o
    0x08005316   0x08005316   0x00000002   PAD
    0x08005318   0x08005318   0x00000128   Code   RO         3909    i.dmp_set_tap_thresh  inv_mpu_dmp_motion_driver.o
    0x08005440   0x08005440   0x00000020   Code   RO         3910    i.dmp_set_tap_time  inv_mpu_dmp_motion_driver.o
    0x08005460   0x08005460   0x00000020   Code   RO         3911    i.dmp_set_tap_time_multi  inv_mpu_dmp_motion_driver.o
    0x08005480   0x08005480   0x000000ac   Code   RO         3535    i.get_accel_prod_shift  inv_mpu.o
    0x0800552c   0x0800552c   0x00000314   Code   RO         3536    i.get_st_biases     inv_mpu.o
    0x08005840   0x08005840   0x000000d4   Code   RO         3537    i.gyro_self_test    inv_mpu.o
    0x08005914   0x08005914   0x00000022   Code   RO         3538    i.inv_orientation_matrix_to_scalar  inv_mpu.o
    0x08005936   0x08005936   0x00000048   Code   RO         3539    i.inv_row_2_scale   inv_mpu.o
    0x0800597e   0x0800597e   0x00000002   PAD
    0x08005980   0x08005980   0x000001a8   Code   RO           16    i.main              main.o
    0x08005b28   0x08005b28   0x00000002   Code   RO         3540    i.mget_ms           inv_mpu.o
    0x08005b2a   0x08005b2a   0x00000002   PAD
    0x08005b2c   0x08005b2c   0x00000054   Code   RO         3541    i.mpu_configure_fifo  inv_mpu.o
    0x08005b80   0x08005b80   0x0000019c   Code   RO         3542    i.mpu_dmp_get_data  inv_mpu.o
    0x08005d1c   0x08005d1c   0x000000a4   Code   RO         3543    i.mpu_dmp_init      inv_mpu.o
    0x08005dc0   0x08005dc0   0x0000003c   Code   RO         3544    i.mpu_get_accel_fsr  inv_mpu.o
    0x08005dfc   0x08005dfc   0x00000044   Code   RO         3546    i.mpu_get_accel_sens  inv_mpu.o
    0x08005e40   0x08005e40   0x00000034   Code   RO         3552    i.mpu_get_gyro_fsr  inv_mpu.o
    0x08005e74   0x08005e74   0x00000040   Code   RO         3554    i.mpu_get_gyro_sens  inv_mpu.o
    0x08005eb4   0x08005eb4   0x00000038   Code   RO         3556    i.mpu_get_lpf       inv_mpu.o
    0x08005eec   0x08005eec   0x0000001c   Code   RO         3558    i.mpu_get_sample_rate  inv_mpu.o
    0x08005f08   0x08005f08   0x00000124   Code   RO         3560    i.mpu_init          inv_mpu.o
    0x0800602c   0x0800602c   0x000000a0   Code   RO         3561    i.mpu_load_firmware  inv_mpu.o
    0x080060cc   0x080060cc   0x000000b8   Code   RO         3562    i.mpu_lp_accel_mode  inv_mpu.o
    0x08006184   0x08006184   0x00000090   Code   RO         3565    i.mpu_read_fifo_stream  inv_mpu.o
    0x08006214   0x08006214   0x00000054   Code   RO         3566    i.mpu_read_mem      inv_mpu.o
    0x08006268   0x08006268   0x00000160   Code   RO         3569    i.mpu_reset_fifo    inv_mpu.o
    0x080063c8   0x080063c8   0x000000f0   Code   RO         3570    i.mpu_run_self_test  inv_mpu.o
    0x080064b8   0x080064b8   0x00000068   Code   RO         3572    i.mpu_set_accel_fsr  inv_mpu.o
    0x08006520   0x08006520   0x000000dc   Code   RO         3573    i.mpu_set_bypass    inv_mpu.o
    0x080065fc   0x080065fc   0x00000078   Code   RO         3575    i.mpu_set_dmp_state  inv_mpu.o
    0x08006674   0x08006674   0x0000006c   Code   RO         3576    i.mpu_set_gyro_fsr  inv_mpu.o
    0x080066e0   0x080066e0   0x00000064   Code   RO         3577    i.mpu_set_int_latched  inv_mpu.o
    0x08006744   0x08006744   0x0000006c   Code   RO         3579    i.mpu_set_lpf       inv_mpu.o
    0x080067b0   0x080067b0   0x00000080   Code   RO         3580    i.mpu_set_sample_rate  inv_mpu.o
    0x08006830   0x08006830   0x000000b8   Code   RO         3581    i.mpu_set_sensors   inv_mpu.o
    0x080068e8   0x080068e8   0x00000054   Code   RO         3582    i.mpu_write_mem     inv_mpu.o
    0x0800693c   0x0800693c   0x00000080   Code   RO         3583    i.run_self_test     inv_mpu.o
    0x080069bc   0x080069bc   0x00000058   Code   RO         3584    i.set_int_enable    inv_mpu.o
    0x08006a14   0x08006a14   0x0000004c   Code   RO         4525    i.sqrt              m_ws.l(sqrt.o)
    0x08006a60   0x08006a60   0x0000002c   Code   RO         4593    locale$$code        c_w.l(lc_numeric_c.o)
    0x08006a8c   0x08006a8c   0x00000062   Code   RO         4394    x$fpl$d2f           fz_ws.l(d2f.o)
    0x08006aee   0x08006aee   0x00000002   PAD
    0x08006af0   0x08006af0   0x00000150   Code   RO         4396    x$fpl$dadd          fz_ws.l(daddsub_clz.o)
    0x08006c40   0x08006c40   0x00000010   Code   RO         4595    x$fpl$dcheck1       fz_ws.l(dcheck1.o)
    0x08006c50   0x08006c50   0x00000018   Code   RO         4597    x$fpl$dcmpinf       fz_ws.l(dcmpi.o)
    0x08006c68   0x08006c68   0x000002b0   Code   RO         4403    x$fpl$ddiv          fz_ws.l(ddiv.o)
    0x08006f18   0x08006f18   0x00000078   Code   RO         4480    x$fpl$deqf          fz_ws.l(deqf.o)
    0x08006f90   0x08006f90   0x00000154   Code   RO         4412    x$fpl$dmul          fz_ws.l(dmul.o)
    0x080070e4   0x080070e4   0x0000009c   Code   RO         4482    x$fpl$dnaninf       fz_ws.l(dnaninf.o)
    0x08007180   0x08007180   0x0000000c   Code   RO         4484    x$fpl$dretinf       fz_ws.l(dretinf.o)
    0x0800718c   0x0800718c   0x00000016   Code   RO         4397    x$fpl$drsb          fz_ws.l(daddsub_clz.o)
    0x080071a2   0x080071a2   0x00000002   PAD
    0x080071a4   0x080071a4   0x000001cc   Code   RO         4601    x$fpl$dsqrt         fz_ws.l(dsqrt_noumaal.o)
    0x08007370   0x08007370   0x000001d4   Code   RO         4398    x$fpl$dsub          fz_ws.l(daddsub_clz.o)
    0x08007544   0x08007544   0x00000056   Code   RO         4414    x$fpl$f2d           fz_ws.l(f2d.o)
    0x0800759a   0x0800759a   0x00000002   PAD
    0x0800759c   0x0800759c   0x000000c4   Code   RO         4416    x$fpl$fadd          fz_ws.l(faddsub_clz.o)
    0x08007660   0x08007660   0x0000000c   Code   RO         4486    x$fpl$fcheck1       fz_ws.l(fcheck1.o)
    0x0800766c   0x0800766c   0x00000184   Code   RO         4423    x$fpl$fdiv          fz_ws.l(fdiv.o)
    0x080077f0   0x080077f0   0x00000036   Code   RO         4426    x$fpl$ffix          fz_ws.l(ffix.o)
    0x08007826   0x08007826   0x00000002   PAD
    0x08007828   0x08007828   0x0000003e   Code   RO         4430    x$fpl$ffixu         fz_ws.l(ffixu.o)
    0x08007866   0x08007866   0x00000002   PAD
    0x08007868   0x08007868   0x00000030   Code   RO         4435    x$fpl$fflt          fz_ws.l(fflt_clz.o)
    0x08007898   0x08007898   0x00000026   Code   RO         4434    x$fpl$ffltu         fz_ws.l(fflt_clz.o)
    0x080078be   0x080078be   0x00000002   PAD
    0x080078c0   0x080078c0   0x00000102   Code   RO         4440    x$fpl$fmul          fz_ws.l(fmul.o)
    0x080079c2   0x080079c2   0x0000008c   Code   RO         4488    x$fpl$fnaninf       fz_ws.l(fnaninf.o)
    0x08007a4e   0x08007a4e   0x0000000a   Code   RO         4490    x$fpl$fretinf       fz_ws.l(fretinf.o)
    0x08007a58   0x08007a58   0x000000ea   Code   RO         4418    x$fpl$fsub          fz_ws.l(faddsub_clz.o)
    0x08007b42   0x08007b42   0x00000004   Code   RO         4442    x$fpl$printf1       fz_ws.l(printf1.o)
    0x08007b46   0x08007b46   0x00000064   Code   RO         4605    x$fpl$retnan        fz_ws.l(retnan.o)
    0x08007baa   0x08007baa   0x0000005c   Code   RO         4492    x$fpl$scalbn        fz_ws.l(scalbn.o)
    0x08007c06   0x08007c06   0x0000004c   Code   RO         4444    x$fpl$scalbnf       fz_ws.l(scalbnf.o)
    0x08007c52   0x08007c52   0x00000030   Code   RO         4669    x$fpl$trapveneer    fz_ws.l(trapv.o)
    0x08007c82   0x08007c82   0x00000000   Code   RO         4494    x$fpl$usenofp       fz_ws.l(usenofp.o)
    0x08007c82   0x08007c82   0x00000012   Data   RO         1182    .constdata          stm32f1xx_hal_rcc.o
    0x08007c94   0x08007c94   0x00000010   Data   RO         3309    .constdata          system_stm32f1xx.o
    0x08007ca4   0x08007ca4   0x00000008   Data   RO         3310    .constdata          system_stm32f1xx.o
    0x08007cac   0x08007cac   0x0000001b   Data   RO         3586    .constdata          inv_mpu.o
    0x08007cc7   0x08007cc7   0x00000001   PAD
    0x08007cc8   0x08007cc8   0x0000000c   Data   RO         3587    .constdata          inv_mpu.o
    0x08007cd4   0x08007cd4   0x00000028   Data   RO         3588    .constdata          inv_mpu.o
    0x08007cfc   0x08007cfc   0x00000bf6   Data   RO         3913    .constdata          inv_mpu_dmp_motion_driver.o
    0x080088f2   0x080088f2   0x000019e8   Data   RO         4218    .constdata          oled.o
    0x0800a2da   0x0800a2da   0x00000006   PAD
    0x0800a2e0   0x0800a2e0   0x00000050   Data   RO         4448    .constdata          m_ws.l(asin.o)
    0x0800a330   0x0800a330   0x00000098   Data   RO         4497    .constdata          m_ws.l(atan.o)
    0x0800a3c8   0x0800a3c8   0x00000008   Data   RO         4523    .constdata          m_ws.l(qnan.o)
    0x0800a3d0   0x0800a3d0   0x00000094   Data   RO         4568    .constdata          c_w.l(bigflt0.o)
    0x0800a464   0x0800a464   0x00000020   Data   RO         4756    Region$$Table       anon$$obj.o
    0x0800a484   0x0800a484   0x0000001c   Data   RO         4592    locale$$data        c_w.l(lc_numeric_c.o)


    Execution Region RW_IRAM1 (Exec base: 0x20000000, Load base: 0x0800a4a0, Size: 0x000008f8, Max: 0x00005000, ABSOLUTE)

    Exec Addr    Load Addr    Size         Type   Attr      Idx    E Section Name        Object

    0x20000000   0x0800a4a0   0x0000000c   Data   RW         1019    .data               stm32f1xx_hal.o
    0x2000000c   0x0800a4ac   0x00000004   Data   RW         3311    .data               system_stm32f1xx.o
    0x20000010   0x0800a4b0   0x00000002   Data   RW         3347    .data               bluetooth.o
    0x20000012   0x0800a4b2   0x00000002   PAD
    0x20000014   0x0800a4b4   0x0000000c   Data   RW         3381    .data               encoder.o
    0x20000020   0x0800a4c0   0x00000004   Data   RW         3422    .data               hc_sr04.o
    0x20000024   0x0800a4c4   0x00000035   Data   RW         3589    .data               inv_mpu.o
    0x20000059   0x0800a4f9   0x00000003   PAD
    0x2000005c   0x0800a4fc   0x0000005c   Data   RW         4306    .data               pid.o
    0x200000b8        -       0x00000014   Zero   RW           17    .bss                main.o
    0x200000cc        -       0x00000054   Zero   RW          232    .bss                i2c.o
    0x20000120        -       0x00000120   Zero   RW          282    .bss                tim.o
    0x20000240        -       0x00000048   Zero   RW          364    .bss                usart.o
    0x20000288        -       0x00000010   Zero   RW         3912    .bss                inv_mpu_dmp_motion_driver.o
    0x20000298        -       0x00000060   Zero   RW         4608    .bss                c_w.l(libspace.o)
    0x200002f8        -       0x00000200   Zero   RW            2    HEAP                startup_stm32f103xb.o
    0x200004f8        -       0x00000400   Zero   RW            1    STACK               startup_stm32f103xb.o


==============================================================================

Image component sizes


      Code (inc. data)   RO Data    RW Data    ZI Data      Debug   Object Name

        72         22          0          2          0       1724   bluetooth.o
        44         10          0         12          0       1817   encoder.o
       252         22          0          0          0       1107   gpio.o
       120         12          0          4          0       1856   hc_sr04.o
       176         30          0          0         84       1861   i2c.o
       556         46          0          0          0       5931   iic.o
      5224        212         79         53          0      31586   inv_mpu.o
      2382        118       3062          0         16      20386   inv_mpu_dmp_motion_driver.o
       642        156          0          0         20     437879   main.o
       194         14          0          0          0       1783   motor.o
       640          0          0          0          0       7825   mpu6050.o
       738         26       6632          0          0       6092   oled.o
       420         42          0         92          0       3727   pid.o
        64         26        236          0       1536        860   startup_stm32f103xb.o
       164         28          0         12          0       6305   stm32f1xx_hal.o
       198         14          0          0          0      29239   stm32f1xx_hal_cortex.o
       222          4          0          0          0       1919   stm32f1xx_hal_dma.o
       524         40          0          0          0       4354   stm32f1xx_hal_gpio.o
      1398         32          0          0          0       9557   stm32f1xx_hal_i2c.o
        60          8          0          0          0        974   stm32f1xx_hal_msp.o
      1240         84         18          0          0       5412   stm32f1xx_hal_rcc.o
      1748         60          0          0          0      15966   stm32f1xx_hal_tim.o
       188         12          0          0          0       2292   stm32f1xx_hal_tim_ex.o
      1554         10          0          0          0      11580   stm32f1xx_hal_uart.o
        44          6          0          0          0       5774   stm32f1xx_it.o
         2          0         24          4          0       1263   system_stm32f1xx.o
       796         86          0          0        288       5959   tim.o
       184         20          0          0         72       1890   usart.o

    ----------------------------------------------------------------------
     19884       1140      10090        184       2016     626918   Object Totals
         0          0         32          0          0          0   (incl. Generated)
        38          0          7          5          0          0   (incl. Padding)

    ----------------------------------------------------------------------

      Code (inc. data)   RO Data    RW Data    ZI Data      Debug   Library Member Name

         8          0          0          0          0         68   __main.o
       284          0          0          0          0        156   __printf_wp.o
         0          0          0          0          0          0   __rtentry.o
        12          0          0          0          0          0   __rtentry2.o
         6          0          0          0          0          0   __rtentry4.o
        52          8          0          0          0          0   __scatter.o
        26          0          0          0          0          0   __scatter_copy.o
        28          0          0          0          0          0   __scatter_zi.o
        48          6          0          0          0         96   _printf_char_common.o
         6          0          0          0          0          0   _printf_d.o
       120         16          0          0          0         92   _printf_dec.o
         6          0          0          0          0          0   _printf_f.o
      1054          0          0          0          0        216   _printf_fp_dec.o
       128         16          0          0          0         84   _printf_fp_infnan.o
       178          0          0          0          0         88   _printf_intcommon.o
         0          0          0          0          0          0   _printf_percent.o
         4          0          0          0          0          0   _printf_percent_end.o
        22          0          0          0          0        100   _rserrno.o
        10          0          0          0          0         68   _sputc.o
        16          0          0          0          0         68   aeabi_memset.o
       228          4        148          0          0         96   bigflt0.o
      1936        128          0          0          0        672   btod.o
        18          0          0          0          0         80   exit.o
         6          0          0          0          0        152   heapauxi.o
         0          0          0          0          0          0   indicate_semi.o
        44         10         28          0          0         76   lc_numeric_c.o
         2          0          0          0          0          0   libinit.o
        18          0          0          0          0          0   libinit2.o
         2          0          0          0          0          0   libshutdown.o
         2          0          0          0          0          0   libshutdown2.o
         8          4          0          0         96         68   libspace.o
        72          0          0          0          0         76   llsdiv.o
       138          0          0          0          0         80   lludiv10.o
       238          0          0          0          0        100   lludivv7m.o
        88          0          0          0          0         76   memcmp.o
        40          6          0          0          0         84   noretval__2sprintf.o
         8          4          0          0          0         68   rt_errno_addr_intlibspace.o
         8          4          0          0          0         68   rt_locale_intlibspace.o
        68          0          0          0          0         68   rt_memclr.o
        78          0          0          0          0         80   rt_memclr_w.o
         2          0          0          0          0          0   rtexit.o
        10          0          0          0          0          0   rtexit2.o
       128          0          0          0          0         68   strcmpv7m.o
        12          4          0          0          0         68   sys_exit.o
        74          0          0          0          0         80   sys_stackheap_outer.o
         2          0          0          0          0         68   use_no_semi.o
        98          4          0          0          0         92   d2f.o
       826         16          0          0          0        348   daddsub_clz.o
        16          4          0          0          0         68   dcheck1.o
        24          0          0          0          0         68   dcmpi.o
       688        140          0          0          0        208   ddiv.o
       120          4          0          0          0         92   deqf.o
       340         12          0          0          0        104   dmul.o
       156          4          0          0          0         92   dnaninf.o
        12          0          0          0          0         68   dretinf.o
       460         56          0          0          0        120   dsqrt_noumaal.o
        86          4          0          0          0         84   f2d.o
       430          8          0          0          0        168   faddsub_clz.o
        12          4          0          0          0         68   fcheck1.o
       388         76          0          0          0         96   fdiv.o
        54          4          0          0          0         84   ffix.o
        62          4          0          0          0         84   ffixu.o
        86          0          0          0          0        136   fflt_clz.o
       258          4          0          0          0         84   fmul.o
       140          4          0          0          0         84   fnaninf.o
        10          0          0          0          0         68   fretinf.o
         4          0          0          0          0         68   printf1.o
       100          0          0          0          0         68   retnan.o
        92          0          0          0          0         68   scalbn.o
        76          0          0          0          0         68   scalbnf.o
        48          0          0          0          0         68   trapv.o
         0          0          0          0          0          0   usenofp.o
       624         52         80          0          0        168   asin.o
       544         70        152          0          0        124   atan.o
       412         38          0          0          0        144   atan2.o
        38          6          0          0          0        272   dunder.o
        40          0          0          0          0         68   fpclassify.o
       170          0          0          0          0         96   poly.o
         0          0          8          0          0          0   qnan.o
        76          0          0          0          0         84   sqrt.o

    ----------------------------------------------------------------------
     11754        724        416          0         96       6676   Library Totals
        26          0          0          0          0          0   (incl. Padding)

    ----------------------------------------------------------------------

      Code (inc. data)   RO Data    RW Data    ZI Data      Debug   Library Name

      5238        210        176          0         96       3164   c_w.l
      4586        348          0          0          0       2556   fz_ws.l
      1904        166        240          0          0        956   m_ws.l

    ----------------------------------------------------------------------
     11754        724        416          0         96       6676   Library Totals

    ----------------------------------------------------------------------

==============================================================================


      Code (inc. data)   RO Data    RW Data    ZI Data      Debug   

     31638       1864      10506        184       2112     620434   Grand Totals
     31638       1864      10506        184       2112     620434   ELF Image Totals
     31638       1864      10506        184          0          0   ROM Totals

==============================================================================

    Total RO  Size (Code + RO Data)                42144 (  41.16kB)
    Total RW  Size (RW Data + ZI Data)              2296 (   2.24kB)
    Total ROM Size (Code + RO Data + RW Data)      42328 (  41.34kB)

==============================================================================

